gpasm-1.5.0 #1284 (Oct 14 2022)       led.asm   04/30/25  16:58:24          PAGE  1


LOC    OBJECT CODE    LINE  SOURCE TEXT
  VALUE

                      00001 ;--------------------------------------------------------
                      00002 ; File Created by SDCC : free open source ANSI-C Compiler
                      00003 ; Version 3.6.0 #9615 (CYGWIN)
                      00004 ;--------------------------------------------------------
                      00005 ; PIC port for the 14-bit core
                      00006 ;--------------------------------------------------------
                      00007 ;       .file   "led.c"
                      00008         list    p=18p018a0
                      00009         radix dec
                      00010         include "p18p018a0.inc"
                      00001        LIST
                      00002 
                      00003 ;==========================================================================
                      00004 ; Build date : Jun 02 2017
                      00005 ;  HCIDE HC18P018A0 processor include
                      00006 ; 
                      00007 ;  (c) Copyright 2012-2021 Holychip Technology, All rights reserved
                      00008 ;==========================================================================
                      00009 
Message[301]: MESSAGE: "Processor-header file mismatch.  Verify selected processor."
                      00378         LIST
                      00011 ;--------------------------------------------------------
                      00012 ; external declarations
                      00013 ;--------------------------------------------------------
  0000                00014         extern  _InitPort
  0000                00015         extern  _InitSystem
  0000                00016         extern  _InitPwm
  0000                00017         extern  _InitRam
  0000                00018         extern  _STATUSbits
  0000                00019         extern  _PORTBbits
  0000                00020         extern  _PCONbits
  0000                00021         extern  _IOCBbits
  0000                00022         extern  _PDCONbits
  0000                00023         extern  _ODCONbits
  0000                00024         extern  _PHCONbits
  0000                00025         extern  _INTECONbits
  0000                00026         extern  _INTFLAGbits
  0000                00027         extern  _OPTIONbits
  0000                00028         extern  _TRISBbits
  0000                00029         extern  _PWMCONbits
  0000                00030         extern  _T0CRbits
  0000                00031         extern  _T1CONbits
  0000                00032         extern  _OSCCONbits
  0000                00033         extern  _CMPCRbits
  0000                00034         extern  _PDCON1bits
  0000                00035         extern  _CHARGE0bits
  0000                00036         extern  _CHARGE1bits
  0000                00037         extern  _RAMPbits
  0000                00038         extern  _AUXRbits
  0000                00039         extern  _BITS_DATA0
  0000                00040         extern  _BITS_DATA1
  0000                00041         extern  _g_ucTimer10msCount
  0000                00042         extern  _g_ucTimerWorkCount
gpasm-1.5.0 #1284 (Oct 14 2022)       led.asm   04/30/25  16:58:24          PAGE  2


LOC    OBJECT CODE    LINE  SOURCE TEXT
  VALUE

  0000                00043         extern  _TempCount
  0000                00044         extern  _TempFlag
  0000                00045         extern  _SleepCount
  0000                00046         extern  _SleepFlag
  0000                00047         extern  _MaxLight
  0000                00048         extern  _INDF
  0000                00049         extern  _T0
  0000                00050         extern  _PCL
  0000                00051         extern  _STATUS
  0000                00052         extern  _FSR
  0000                00053         extern  _PORTB
  0000                00054         extern  _GPR
  0000                00055         extern  _PCON
  0000                00056         extern  _IOCB
  0000                00057         extern  _PCLATH
  0000                00058         extern  _PDCON
  0000                00059         extern  _ODCON
  0000                00060         extern  _PHCON
  0000                00061         extern  _INTECON
  0000                00062         extern  _INTFLAG
  0000                00063         extern  _OPTION
  0000                00064         extern  _TRISB
  0000                00065         extern  _PWMCON
  0000                00066         extern  _PWM1P
  0000                00067         extern  _PWM2P
  0000                00068         extern  _T0CR
  0000                00069         extern  _T1CON
  0000                00070         extern  _T1
  0000                00071         extern  _T1LOAD
  0000                00072         extern  _PWM0P
  0000                00073         extern  _OSCCON
  0000                00074         extern  _CMPCR
  0000                00075         extern  _PDCON1
  0000                00076         extern  _CHARGE0
  0000                00077         extern  _CHARGE1
  0000                00078         extern  _RAMP
  0000                00079         extern  _AUXR
  0000                00080         extern  _HIRCTRM
                      00081 
  0000                00082         extern PSAVE
  0000                00083         extern SSAVE
  0000                00084         extern WSAVE
  0000                00085         extern STK12
  0000                00086         extern STK11
  0000                00087         extern STK10
  0000                00088         extern STK09
  0000                00089         extern STK08
  0000                00090         extern STK07
  0000                00091         extern STK06
  0000                00092         extern STK05
  0000                00093         extern STK04
  0000                00094         extern STK03
  0000                00095         extern STK02
gpasm-1.5.0 #1284 (Oct 14 2022)       led.asm   04/30/25  16:58:24          PAGE  3


LOC    OBJECT CODE    LINE  SOURCE TEXT
  VALUE

  0000                00096         extern STK01
  0000                00097         extern STK00
                      00098 ;--------------------------------------------------------
                      00099 ; global declarations
                      00100 ;--------------------------------------------------------
  0000                00101         global  _CountdownDisplay
  0000                00102         global  _PowOff
  0000                00103         global  _PowOn
  0000                00104         global  _MotoDisplay
  0000                00105         global  _MotoSwitch
  0000                00106         global  _LedOff
  0000                00107         global  _LedOn
  0000                00108         global  _LedDisplay
  0000                00109         global  _LedSwitch
  0000                00110         global  _MotoOn
  0000                00111         global  _MotoOff
  0000                00112         global  _lampTiming
  0000                00113         global  _motoTiming
                      00114 
                      00115 ;--------------------------------------------------------
                      00116 ; global definitions
                      00117 ;--------------------------------------------------------
                      00118 ;--------------------------------------------------------
                      00119 ; absolute symbol definitions
                      00120 ;--------------------------------------------------------
                      00121 ;--------------------------------------------------------
                      00122 ; compiler-defined variables
                      00123 ;--------------------------------------------------------
                      00124 UDL_led_0       udata
0000                  00125 r0x1011 res     1
0001                  00126 r0x100F res     1
0002                  00127 r0x100D res     1
0003                  00128 r0x100B res     1
0004                  00129 r0x1009 res     1
0005                  00130 r0x100A res     1
                      00131 ;--------------------------------------------------------
                      00132 ; initialized data
                      00133 ;--------------------------------------------------------
                      00134 
                      00135 ID_led_0        idata
0000                  00136 _lampTiming
0000   00 00 00 00    00137         db      0x00, 0x00, 0x00, 0x00
                      00138 
                      00139 
                      00140 ID_led_1        idata
0000                  00141 _motoTiming
0000   00 00 00 00    00142         db      0x00, 0x00, 0x00, 0x00
                      00143 
                      00144 ;--------------------------------------------------------
                      00145 ; overlayable items in internal ram 
                      00146 ;--------------------------------------------------------
                      00147 ;       udata_ovr
                      00148 ;--------------------------------------------------------
gpasm-1.5.0 #1284 (Oct 14 2022)       led.asm   04/30/25  16:58:24          PAGE  4


LOC    OBJECT CODE    LINE  SOURCE TEXT
  VALUE

                      00149 ; code
                      00150 ;--------------------------------------------------------
                      00151 code_led        code
                      00152 ;***
                      00153 ;  pBlock Stats: dbName = C
                      00154 ;***
                      00155 ;has an exit
                      00156 ;2 compiler assigned registers:
                      00157 ;   r0x1009
                      00158 ;   r0x100A
                      00159 ;; Starting pCode block
                      00160 ;;[ICODE] led.c:108:  _entry($12) :
                      00161 ;;[ICODE] led.c:108:    proc _CountdownDisplay [k1 lr0:0 so:0]{ ia0 a2p0 re0 rm0 nos0 ru0 dp0}{void func
                            tion ( ) fixed}
                      00162 S_led__CountdownDisplay code
0000                  00163 _CountdownDisplay:
                      00164 ; 2 exit points
                      00165 ;;[ICODE] led.c:112:    iTemp0 [k3 lr3:13 so:0]{ ia0 a2p0 re0 rm1 nos0 ru0 dp0}{unsigned-bitfield {5,1} 
                            near* fixed}[remat] = &[_BITS_DATA0 [k2 lr0:0 so:0]{ ia0 a2p0 re0 rm0 nos0 ru0 dp0}{struct __bits8_t fix
                            ed} , 0x0 {const-unsigned-char literal}]
                      00166 ;;[ICODE] led.c:112:    iTemp1 [k5 lr4:5 so:0]{ ia0 a2p0 re0 rm1 nos0 ru0 dp0}{unsigned-bitfield {5,1} n
                            ear* fixed}[remat] := iTemp0 [k3 lr3:13 so:0]{ ia0 a2p0 re0 rm1 nos0 ru0 dp0}{unsigned-bitfield {5,1} ne
                            ar* fixed}[remat]
                      00167 ;;[ICODE] led.c:112:    iTemp2 [k6 lr5:6 so:0]{ ia0 a2p0 re0 rm0 nos0 ru0 dp0}{unsigned-bitfield {5,1} f
                            ixed}[r0x1050 ] = @[iTemp1 [k5 lr4:5 so:0]{ ia1 a2p0 re0 rm1 nos0 ru0 dp0}{unsigned-bitfield {5,1} near*
                             fixed}[remat] + 0x0 {const-unsigned-char literal}]
                      00168 ;       .line   112; "led.c"    if(IsLight == 1) {
0000   18??           00169         CLRF    r0x1009
0001   36??           00170         BTFSC   _BITS_DATA0,5
0002   13??           00171         INCF    r0x1009,F
                      00172 ;;[ICODE] led.c:112:    iTemp3 [k7 lr6:7 so:0]{ ia0 a2p0 re0 rm0 nos0 ru0 dp0}{char fixed}[r0x1051 ] = (
                            char register)iTemp2 [k6 lr5:6 so:0]{ ia0 a2p0 re0 rm0 nos0 ru0 dp0}{unsigned-bitfield {5,1} fixed}[r0x1
                            050 ]
0003   11??           00173         MOVF    r0x1009,W
0004   19??           00174         MOVWF   r0x100A
0005   0D01           00175         XORLW   0x01
0006   3103           00176         BTFSS   STATUS,2
0007   2???           00177         GOTO    _00156_DS_
                      00178 ;;[ICODE] led.c:112:    if iTemp4 [k8 lr7:8 so:0]{ ia0 a2p0 re0 rm0 nos0 ru0 dp0}{char fixed} == 0 goto 
                            __iffalse_3($4)
                      00179 ;;[ICODE] led.c:114:    _lampTiming [k9 lr0:0 so:0]{ ia1 a2p0 re0 rm0 nos0 ru0 dp0}{unsigned-long-int fi
                            xed} = _lampTiming [k9 lr0:0 so:0]{ ia1 a2p0 re0 rm0 nos0 ru0 dp0}{unsigned-long-int fixed} + 0x1 {const
                            -unsigned-char literal}
                      00180 ;       .line   114; "led.c"    lampTiming++;
0008   13??           00181         INCF    _lampTiming,F
0009   3503           00182         BTFSC   STATUS,2
000A   13??           00183         INCF    (_lampTiming + 1),F
000B   3503           00184         BTFSC   STATUS,2
000C   13??           00185         INCF    (_lampTiming + 2),F
000D   3503           00186         BTFSC   STATUS,2
000E   13??           00187         INCF    (_lampTiming + 3),F
                      00188 ;;[ICODE] led.c:116:    iTemp8 [k13 lr11:12 so:0]{ ia0 a2p0 re0 rm0 nos0 ru0 dp0}{char fixed} = _lampTim
                            ing [k9 lr0:0 so:0]{ ia0 a2p0 re0 rm0 nos0 ru0 dp0}{unsigned-long-int fixed} > 0x1e460 {unsigned-long-in
gpasm-1.5.0 #1284 (Oct 14 2022)       led.asm   04/30/25  16:58:24          PAGE  5


LOC    OBJECT CODE    LINE  SOURCE TEXT
  VALUE

                            t literal}
                      00189 ;;swapping arguments (AOP_TYPEs 1/3)
                      00190 ;;unsigned compare: left >= lit(0x1E461=124001), size=4
                      00191 ;       .line   116; "led.c"    if(lampTiming > 124000) {    //20分钟
000F   0400           00192         MOVLW   0x00
0010   1B??           00193         SUBWF   (_lampTiming + 3),W
0011   3103           00194         BTFSS   STATUS,2
0012   2???           00195         GOTO    _00177_DS_
0013   0401           00196         MOVLW   0x01
0014   1B??           00197         SUBWF   (_lampTiming + 2),W
0015   3103           00198         BTFSS   STATUS,2
0016   2???           00199         GOTO    _00177_DS_
0017   04E4           00200         MOVLW   0xe4
0018   1B??           00201         SUBWF   (_lampTiming + 1),W
0019   3103           00202         BTFSS   STATUS,2
001A   2???           00203         GOTO    _00177_DS_
001B   0461           00204         MOVLW   0x61
001C   1B??           00205         SUBWF   _lampTiming,W
001D                  00206 _00177_DS_:
001D   3003           00207         BTFSS   STATUS,0
001E   2???           00208         GOTO    _00157_DS_
                      00209 ;;genSkipc:3257: created from rifx:0x782c44
                      00210 ;;[ICODE] led.c:116:    if iTemp8 [k13 lr11:12 so:0]{ ia0 a2p0 re0 rm0 nos0 ru0 dp0}{char fixed} == 0 go
                            to __ifend_3($5)
                      00211 ;;[ICODE] led.c:117:    iTemp10 [k16 lr13:14 so:0]{ ia0 a2p0 re0 rm1 nos0 ru0 dp0}{unsigned-bitfield {5,
                            1} near* fixed}[remat] := iTemp0 [k3 lr3:13 so:0]{ ia0 a2p0 re0 rm1 nos0 ru0 dp0}{unsigned-bitfield {5,1
                            } near* fixed}[remat]
                      00212 ;;[ICODE] led.c:117:    *(iTemp10 [k16 lr13:14 so:0]{ ia1 a2p0 re0 rm1 nos0 ru0 dp0}{unsigned-bitfield {
                            5,1} near* fixed}[remat]) := 0x0 {const-unsigned-char literal}
                      00213 ;       .line   117; "led.c"    IsLight = 0;
001F   3E??           00214         BCF     _BITS_DATA0,5
                      00215 ;;[ICODE] led.c:117:     goto __ifend_3($5)
0020   2???           00216         GOTO    _00157_DS_
                      00217 ;;[ICODE] led.c:117:  __iffalse_3($4) :
                      00218 ;;[ICODE] led.c:128:    _lampTiming [k9 lr0:0 so:0]{ ia1 a2p0 re0 rm0 nos0 ru0 dp0}{unsigned-long-int fi
                            xed} := 0x0 {unsigned-long-int literal}
0021                  00219 _00156_DS_:
                      00220 ;       .line   128; "led.c"    lampTiming = 0;
0021   18??           00221         CLRF    _lampTiming
0022   18??           00222         CLRF    (_lampTiming + 1)
0023   18??           00223         CLRF    (_lampTiming + 2)
0024   18??           00224         CLRF    (_lampTiming + 3)
                      00225 ;;[ICODE] led.c:128:  __ifend_3($5) :
                      00226 ;;[ICODE] led.c:133:    iTemp12 [k18 lr19:29 so:0]{ ia0 a2p0 re0 rm1 nos0 ru0 dp0}{unsigned-bitfield {6,
                            1} near* fixed}[remat] = &[_BITS_DATA0 [k2 lr0:0 so:0]{ ia0 a2p0 re0 rm0 nos0 ru0 dp0}{struct __bits8_t 
                            fixed} , 0x0 {const-unsigned-char literal}]
                      00227 ;;[ICODE] led.c:133:    iTemp13 [k20 lr20:21 so:0]{ ia0 a2p0 re0 rm1 nos0 ru0 dp0}{unsigned-bitfield {6,
                            1} near* fixed}[remat] := iTemp12 [k18 lr19:29 so:0]{ ia0 a2p0 re0 rm1 nos0 ru0 dp0}{unsigned-bitfield {
                            6,1} near* fixed}[remat]
                      00228 ;;[ICODE] led.c:133:    iTemp14 [k21 lr21:22 so:0]{ ia0 a2p0 re0 rm0 nos0 ru0 dp0}{unsigned-bitfield {6,
                            1} fixed}[r0x1050 ] = @[iTemp13 [k20 lr20:21 so:0]{ ia1 a2p0 re0 rm1 nos0 ru0 dp0}{unsigned-bitfield {6,
                            1} near* fixed}[remat] + 0x0 {const-unsigned-char literal}]
0025                  00229 _00157_DS_:
gpasm-1.5.0 #1284 (Oct 14 2022)       led.asm   04/30/25  16:58:24          PAGE  6


LOC    OBJECT CODE    LINE  SOURCE TEXT
  VALUE

                      00230 ;       .line   133; "led.c"    if(IsMotor == 1){
0025   18??           00231         CLRF    r0x1009
0026   37??           00232         BTFSC   _BITS_DATA0,6
0027   13??           00233         INCF    r0x1009,F
                      00234 ;;[ICODE] led.c:133:    iTemp15 [k22 lr22:23 so:0]{ ia0 a2p0 re0 rm0 nos0 ru0 dp0}{char fixed}[r0x1051 ]
                             = (char register)iTemp14 [k21 lr21:22 so:0]{ ia0 a2p0 re0 rm0 nos0 ru0 dp0}{unsigned-bitfield {6,1} fix
                            ed}[r0x1050 ]
0028   11??           00235         MOVF    r0x1009,W
0029   19??           00236         MOVWF   r0x100A
002A   0D01           00237         XORLW   0x01
002B   3103           00238         BTFSS   STATUS,2
002C   2???           00239         GOTO    _00161_DS_
                      00240 ;;[ICODE] led.c:133:    if iTemp16 [k23 lr23:24 so:0]{ ia0 a2p0 re0 rm0 nos0 ru0 dp0}{char fixed} == 0 g
                            oto __iffalse_5($9)
                      00241 ;;[ICODE] led.c:134:    _motoTiming [k24 lr0:0 so:0]{ ia1 a2p0 re0 rm0 nos0 ru0 dp0}{unsigned-long-int f
                            ixed} = _motoTiming [k24 lr0:0 so:0]{ ia1 a2p0 re0 rm0 nos0 ru0 dp0}{unsigned-long-int fixed} + 0x1 {con
                            st-unsigned-char literal}
                      00242 ;       .line   134; "led.c"    motoTiming++;
002D   13??           00243         INCF    _motoTiming,F
002E   3503           00244         BTFSC   STATUS,2
002F   13??           00245         INCF    (_motoTiming + 1),F
0030   3503           00246         BTFSC   STATUS,2
0031   13??           00247         INCF    (_motoTiming + 2),F
0032   3503           00248         BTFSC   STATUS,2
0033   13??           00249         INCF    (_motoTiming + 3),F
                      00250 ;;[ICODE] led.c:136:    iTemp20 [k28 lr27:28 so:0]{ ia0 a2p0 re0 rm0 nos0 ru0 dp0}{char fixed} = _motoTi
                            ming [k24 lr0:0 so:0]{ ia0 a2p0 re0 rm0 nos0 ru0 dp0}{unsigned-long-int fixed} > 0x1e460 {unsigned-long-
                            int literal}
                      00251 ;;swapping arguments (AOP_TYPEs 1/3)
                      00252 ;;unsigned compare: left >= lit(0x1E461=124001), size=4
                      00253 ;       .line   136; "led.c"    if(motoTiming > 124000) {    //20分钟
0034   0400           00254         MOVLW   0x00
0035   1B??           00255         SUBWF   (_motoTiming + 3),W
0036   3103           00256         BTFSS   STATUS,2
0037   2???           00257         GOTO    _00178_DS_
0038   0401           00258         MOVLW   0x01
0039   1B??           00259         SUBWF   (_motoTiming + 2),W
003A   3103           00260         BTFSS   STATUS,2
003B   2???           00261         GOTO    _00178_DS_
003C   04E4           00262         MOVLW   0xe4
003D   1B??           00263         SUBWF   (_motoTiming + 1),W
003E   3103           00264         BTFSS   STATUS,2
003F   2???           00265         GOTO    _00178_DS_
0040   0461           00266         MOVLW   0x61
0041   1B??           00267         SUBWF   _motoTiming,W
0042                  00268 _00178_DS_:
0042   3003           00269         BTFSS   STATUS,0
0043   2???           00270         GOTO    _00163_DS_
                      00271 ;;genSkipc:3257: created from rifx:0x782c44
                      00272 ;;[ICODE] led.c:136:    if iTemp20 [k28 lr27:28 so:0]{ ia0 a2p0 re0 rm0 nos0 ru0 dp0}{char fixed} == 0 g
                            oto _return($11)
                      00273 ;;[ICODE] led.c:137:    iTemp22 [k31 lr29:30 so:0]{ ia0 a2p0 re0 rm1 nos0 ru0 dp0}{unsigned-bitfield {6,
                            1} near* fixed}[remat] := iTemp12 [k18 lr19:29 so:0]{ ia0 a2p0 re0 rm1 nos0 ru0 dp0}{unsigned-bitfield {
gpasm-1.5.0 #1284 (Oct 14 2022)       led.asm   04/30/25  16:58:24          PAGE  7


LOC    OBJECT CODE    LINE  SOURCE TEXT
  VALUE

                            6,1} near* fixed}[remat]
                      00274 ;;[ICODE] led.c:137:    *(iTemp22 [k31 lr29:30 so:0]{ ia1 a2p0 re0 rm1 nos0 ru0 dp0}{unsigned-bitfield {
                            6,1} near* fixed}[remat]) := 0x0 {const-unsigned-char literal}
                      00275 ;       .line   137; "led.c"    IsMotor = 0;
0044   3F??           00276         BCF     _BITS_DATA0,6
                      00277 ;;[ICODE] led.c:137:     goto _return($11)
0045   2???           00278         GOTO    _00163_DS_
                      00279 ;;[ICODE] led.c:137:  __iffalse_5($9) :
                      00280 ;;[ICODE] led.c:148:    _motoTiming [k24 lr0:0 so:0]{ ia1 a2p0 re0 rm0 nos0 ru0 dp0}{unsigned-long-int f
                            ixed} := 0x0 {unsigned-long-int literal}
0046                  00281 _00161_DS_:
                      00282 ;       .line   148; "led.c"    motoTiming = 0;
0046   18??           00283         CLRF    _motoTiming
0047   18??           00284         CLRF    (_motoTiming + 1)
0048   18??           00285         CLRF    (_motoTiming + 2)
0049   18??           00286         CLRF    (_motoTiming + 3)
                      00287 ;;[ICODE] led.c:148:  _return($11) :
                      00288 ;;[ICODE] led.c:148:    eproc _CountdownDisplay [k1 lr0:0 so:0]{ ia0 a2p0 re0 rm0 nos0 ru0 dp0}{void fun
                            ction ( ) fixed}
004A                  00289 _00163_DS_:
004A   0002           00290         RETURN  
                      00291 ; exit point of _CountdownDisplay
                      00292 
                      00293 ;***
                      00294 ;  pBlock Stats: dbName = C
                      00295 ;***
                      00296 ;has an exit
                      00297 ;; Starting pCode block
                      00298 ;;[ICODE] led.c:85:  _entry($2) :
                      00299 ;;[ICODE] led.c:85:     proc _PowOff [k1 lr0:0 so:0]{ ia0 a2p0 re0 rm0 nos0 ru0 dp0}{void function ( ) f
                            ixed}
                      00300 S_led__PowOff   code
0000                  00301 _PowOff:
                      00302 ; 2 exit points
                      00303 ;;[ICODE] led.c:89:     _PHCON [k2 lr0:0 so:0]{ ia1 a2p0 re0 rm0 nos0 ru0 dp0}{volatile-unsigned-char sf
                            r} = _PHCON [k2 lr0:0 so:0]{ ia0 a2p0 re0 rm0 nos0 ru0 dp0}{volatile-unsigned-char sfr} | 0x8 {const-uns
                            igned-char literal}
                      00304 ;       .line   89; "led.c"     PHCON |= DEF_SET_BIT3;   //close high pull
0000   39??           00305         BSF     _PHCON,3
                      00306 ;;[ICODE] led.c:89:  _return($1) :
                      00307 ;;[ICODE] led.c:89:     eproc _PowOff [k1 lr0:0 so:0]{ ia0 a2p0 re0 rm0 nos0 ru0 dp0}{void function ( ) 
                            fixed}
0001   0002           00308         RETURN  
                      00309 ; exit point of _PowOff
                      00310 
                      00311 ;***
                      00312 ;  pBlock Stats: dbName = C
                      00313 ;***
                      00314 ;has an exit
                      00315 ;; Starting pCode block
                      00316 ;;[ICODE] led.c:72:  _entry($2) :
                      00317 ;;[ICODE] led.c:72:     proc _PowOn [k1 lr0:0 so:0]{ ia0 a2p0 re0 rm0 nos0 ru0 dp0}{void function ( ) fi
                            xed}
gpasm-1.5.0 #1284 (Oct 14 2022)       led.asm   04/30/25  16:58:24          PAGE  8


LOC    OBJECT CODE    LINE  SOURCE TEXT
  VALUE

                      00318 S_led__PowOn    code
0000                  00319 _PowOn:
                      00320 ; 2 exit points
                      00321 ;;[ICODE] led.c:76:     _PHCON [k2 lr0:0 so:0]{ ia1 a2p0 re0 rm0 nos0 ru0 dp0}{volatile-unsigned-char sf
                            r} = _PHCON [k2 lr0:0 so:0]{ ia0 a2p0 re0 rm0 nos0 ru0 dp0}{volatile-unsigned-char sfr} & 0xf7 {const-un
                            signed-char literal}
                      00322 ;       .line   76; "led.c"     PHCON &= DEF_CLR_BIT3;  //open high pull
0000   3D??           00323         BCF     _PHCON,3
                      00324 ;;[ICODE] led.c:76:  _return($1) :
                      00325 ;;[ICODE] led.c:76:     eproc _PowOn [k1 lr0:0 so:0]{ ia0 a2p0 re0 rm0 nos0 ru0 dp0}{void function ( ) f
                            ixed}
0001   0002           00326         RETURN  
                      00327 ; exit point of _PowOn
                      00328 
                      00329 ;***
                      00330 ;  pBlock Stats: dbName = C
                      00331 ;***
                      00332 ;has an exit
                      00333 ;functions called:
                      00334 ;   _MotoOn
                      00335 ;   _MotoOff
                      00336 ;   _MotoOn
                      00337 ;   _MotoOff
                      00338 ;2 compiler assigned registers:
                      00339 ;   r0x100B
                      00340 ;   r0x100C
                      00341 ;; Starting pCode block
                      00342 ;;[ICODE] led.c:61:  _entry($5) :
                      00343 ;;[ICODE] led.c:61:     proc _MotoDisplay [k1 lr0:0 so:0]{ ia0 a2p0 re0 rm0 nos0 ru0 dp0}{void function 
                            ( ) fixed}
                      00344 S_led__MotoDisplay      code
0000                  00345 _MotoDisplay:
                      00346 ; 2 exit points
                      00347 ;;[ICODE] led.c:63:     iTemp1 [k5 lr3:5 so:0]{ ia0 a2p0 re0 rm1 nos0 ru0 dp0}{unsigned-bitfield {6,1} n
                            ear* fixed}[remat] = &[_BITS_DATA0 [k2 lr0:0 so:0]{ ia0 a2p0 re0 rm0 nos0 ru0 dp0}{struct __bits8_t fixe
                            d} , 0x0 {const-unsigned-char literal}]
                      00348 ;;[ICODE] led.c:63:     iTemp2 [k6 lr5:6 so:0]{ ia0 a2p0 re0 rm0 nos0 ru0 dp0}{unsigned-bitfield {6,1} f
                            ixed}[r0x104C ] = @[iTemp1 [k5 lr3:5 so:0]{ ia1 a2p0 re0 rm1 nos0 ru0 dp0}{unsigned-bitfield {6,1} near*
                             fixed}[remat] + 0x0 {const-unsigned-char literal}]
                      00349 ;       .line   63; "led.c"     if(IsMotor == 1)
0000   18??           00350         CLRF    r0x100B
0001   37??           00351         BTFSC   _BITS_DATA0,6
0002   13??           00352         INCF    r0x100B,F
                      00353 ;;[ICODE] led.c:63:     iTemp3 [k7 lr6:7 so:0]{ ia0 a2p0 re0 rm0 nos0 ru0 dp0}{char fixed}[r0x104D ] = (
                            char register)iTemp2 [k6 lr5:6 so:0]{ ia0 a2p0 re0 rm0 nos0 ru0 dp0}{unsigned-bitfield {6,1} fixed}[r0x1
                            04C ]
0003   11??           00354         MOVF    r0x100B,W
                      00355 ;;1     MOVWF   r0x100C
0004   0D01           00356         XORLW   0x01
0005   3103           00357         BTFSS   STATUS,2
0006   2???           00358         GOTO    _00138_DS_
                      00359 ;;[ICODE] led.c:63:     if iTemp4 [k8 lr7:8 so:0]{ ia0 a2p0 re0 rm0 nos0 ru0 dp0}{char fixed} == 0 goto 
                            __iffalse_1($2)
gpasm-1.5.0 #1284 (Oct 14 2022)       led.asm   04/30/25  16:58:24          PAGE  9


LOC    OBJECT CODE    LINE  SOURCE TEXT
  VALUE

                      00360 ;;[ICODE] led.c:65:     iTemp5 [k10 lr9:9 so:0]{ ia0 a2p0 re0 rm0 nos0 ru0 dp0}{void fixed} = call _Moto
                            On [k9 lr0:0 so:0]{ ia0 a2p0 re0 rm0 nos0 ru0 dp0}{void function ( ) fixed}
                      00361 ;       .line   65; "led.c"     MotoOn();
0007   2???           00362         CALL    _MotoOn
                      00363 ;;[ICODE] led.c:65:      goto _return($4)
0008   2???           00364         GOTO    _00140_DS_
                      00365 ;;[ICODE] led.c:65:  __iffalse_1($2) :
                      00366 ;;[ICODE] led.c:69:     iTemp6 [k12 lr12:12 so:0]{ ia0 a2p0 re0 rm0 nos0 ru0 dp0}{void fixed} = call _Mo
                            toOff [k11 lr0:0 so:0]{ ia0 a2p0 re0 rm0 nos0 ru0 dp0}{void function ( ) fixed}
0009                  00367 _00138_DS_:
                      00368 ;       .line   69; "led.c"     MotoOff();
0009   2???           00369         CALL    _MotoOff
                      00370 ;;[ICODE] led.c:69:  _return($4) :
                      00371 ;;[ICODE] led.c:69:     eproc _MotoDisplay [k1 lr0:0 so:0]{ ia0 a2p0 re0 rm0 nos0 ru0 dp0}{void function
                             ( ) fixed}
000A                  00372 _00140_DS_:
000A   0002           00373         RETURN  
                      00374 ; exit point of _MotoDisplay
                      00375 
                      00376 ;***
                      00377 ;  pBlock Stats: dbName = C
                      00378 ;***
                      00379 ;has an exit
                      00380 ;; Starting pCode block
                      00381 ;;[ICODE] led.c:55:  _entry($2) :
                      00382 ;;[ICODE] led.c:55:     proc _MotoOff [k1 lr0:0 so:0]{ ia0 a2p0 re0 rm0 nos0 ru0 dp0}{void function ( ) 
                            fixed}
                      00383 S_led__MotoOff  code
0000                  00384 _MotoOff:
                      00385 ; 2 exit points
                      00386 ;;[ICODE] led.c:57:     iTemp1 [k5 lr3:5 so:0]{ ia0 a2p0 re0 rm1 nos0 ru0 dp0}{volatile-unsigned-bitfiel
                            d {0,1} near* fixed}[remat] = &[_PORTBbits [k2 lr0:0 so:0]{ ia0 a2p0 re0 rm0 nos0 ru0 dp0}{volatile-stru
                            ct __00000005 fixed} , 0x0 {const-unsigned-char literal}]
                      00387 ;;[ICODE] led.c:57:     *(iTemp1 [k5 lr3:5 so:0]{ ia1 a2p0 re0 rm1 nos0 ru0 dp0}{volatile-unsigned-bitfi
                            eld {0,1} near* fixed}[remat]) := 0x1 {const-unsigned-char literal}
                      00388 ;       .line   57; "led.c"     PORT_LED2 = 1;
0000   38??           00389         BSF     _PORTBbits,0
                      00390 ;;[ICODE] led.c:58:     iTemp3 [k9 lr6:8 so:0]{ ia0 a2p0 re0 rm1 nos0 ru0 dp0}{volatile-unsigned-bitfiel
                            d {7,1} near* fixed}[remat] = &[_RAMPbits [k6 lr0:0 so:0]{ ia0 a2p0 re0 rm0 nos0 ru0 dp0}{volatile-struc
                            t __00000070 fixed} , 0x0 {const-unsigned-char literal}]
                      00391 ;;[ICODE] led.c:58:     *(iTemp3 [k9 lr6:8 so:0]{ ia1 a2p0 re0 rm1 nos0 ru0 dp0}{volatile-unsigned-bitfi
                            eld {7,1} near* fixed}[remat]) := 0x1 {const-unsigned-char literal}
                      00392 ;       .line   58; "led.c"     MODSEL = 1;
0001   3B??           00393         BSF     _RAMPbits,7
                      00394 ;;[ICODE] led.c:58:  _return($1) :
                      00395 ;;[ICODE] led.c:58:     eproc _MotoOff [k1 lr0:0 so:0]{ ia0 a2p0 re0 rm0 nos0 ru0 dp0}{void function ( )
                             fixed}
0002   0002           00396         RETURN  
                      00397 ; exit point of _MotoOff
                      00398 
                      00399 ;***
                      00400 ;  pBlock Stats: dbName = C
                      00401 ;***
gpasm-1.5.0 #1284 (Oct 14 2022)       led.asm   04/30/25  16:58:24          PAGE 10


LOC    OBJECT CODE    LINE  SOURCE TEXT
  VALUE

                      00402 ;has an exit
                      00403 ;; Starting pCode block
                      00404 ;;[ICODE] led.c:49:  _entry($2) :
                      00405 ;;[ICODE] led.c:49:     proc _MotoOn [k1 lr0:0 so:0]{ ia0 a2p0 re0 rm0 nos0 ru0 dp0}{void function ( ) f
                            ixed}
                      00406 S_led__MotoOn   code
0000                  00407 _MotoOn:
                      00408 ; 2 exit points
                      00409 ;;[ICODE] led.c:51:     iTemp1 [k5 lr3:5 so:0]{ ia0 a2p0 re0 rm1 nos0 ru0 dp0}{volatile-unsigned-bitfiel
                            d {0,1} near* fixed}[remat] = &[_PORTBbits [k2 lr0:0 so:0]{ ia0 a2p0 re0 rm0 nos0 ru0 dp0}{volatile-stru
                            ct __00000005 fixed} , 0x0 {const-unsigned-char literal}]
                      00410 ;;[ICODE] led.c:51:     *(iTemp1 [k5 lr3:5 so:0]{ ia1 a2p0 re0 rm1 nos0 ru0 dp0}{volatile-unsigned-bitfi
                            eld {0,1} near* fixed}[remat]) := 0x0 {const-unsigned-char literal}
                      00411 ;       .line   51; "led.c"     PORT_LED2 = 0;
0000   3C??           00412         BCF     _PORTBbits,0
                      00413 ;;[ICODE] led.c:52:     iTemp3 [k9 lr6:8 so:0]{ ia0 a2p0 re0 rm1 nos0 ru0 dp0}{volatile-unsigned-bitfiel
                            d {7,1} near* fixed}[remat] = &[_RAMPbits [k6 lr0:0 so:0]{ ia0 a2p0 re0 rm0 nos0 ru0 dp0}{volatile-struc
                            t __00000070 fixed} , 0x0 {const-unsigned-char literal}]
                      00414 ;;[ICODE] led.c:52:     *(iTemp3 [k9 lr6:8 so:0]{ ia1 a2p0 re0 rm1 nos0 ru0 dp0}{volatile-unsigned-bitfi
                            eld {7,1} near* fixed}[remat]) := 0x1 {const-unsigned-char literal}
                      00415 ;       .line   52; "led.c"     MODSEL = 1;     
0001   3B??           00416         BSF     _RAMPbits,7
                      00417 ;;[ICODE] led.c:52:  _return($1) :
                      00418 ;;[ICODE] led.c:52:     eproc _MotoOn [k1 lr0:0 so:0]{ ia0 a2p0 re0 rm0 nos0 ru0 dp0}{void function ( ) 
                            fixed}
0002   0002           00419         RETURN  
                      00420 ; exit point of _MotoOn
                      00421 
                      00422 ;***
                      00423 ;  pBlock Stats: dbName = C
                      00424 ;***
                      00425 ;has an exit
                      00426 ;2 compiler assigned registers:
                      00427 ;   r0x100D
                      00428 ;   r0x100E
                      00429 ;; Starting pCode block
                      00430 ;;[ICODE] led.c:41:  _entry($2) :
                      00431 ;;[ICODE] led.c:41:     proc _MotoSwitch [k1 lr0:0 so:0]{ ia0 a2p0 re0 rm0 nos0 ru0 dp0}{void function (
                             ) fixed}
                      00432 S_led__MotoSwitch       code
0000                  00433 _MotoSwitch:
                      00434 ; 2 exit points
                      00435 ;;[ICODE] led.c:43:     iTemp0 [k3 lr3:5 so:0]{ ia0 a2p0 re0 rm1 nos0 ru0 dp0}{unsigned-bitfield {6,1} n
                            ear* fixed}[remat] = &[_BITS_DATA0 [k2 lr0:0 so:0]{ ia0 a2p0 re0 rm0 nos0 ru0 dp0}{struct __bits8_t fixe
                            d} , 0x0 {const-unsigned-char literal}]
                      00436 ;;[ICODE] led.c:43:     iTemp1 [k5 lr4:9 so:0]{ ia0 a2p0 re0 rm1 nos0 ru0 dp0}{unsigned-bitfield {6,1} n
                            ear* fixed}[remat] := iTemp0 [k3 lr3:5 so:0]{ ia0 a2p0 re0 rm1 nos0 ru0 dp0}{unsigned-bitfield {6,1} nea
                            r* fixed}[remat]
                      00437 ;;[ICODE] led.c:43:     iTemp3 [k8 lr5:6 so:0]{ ia0 a2p0 re0 rm1 nos0 ru0 dp0}{unsigned-bitfield {6,1} n
                            ear* fixed}[remat] := iTemp0 [k3 lr3:5 so:0]{ ia0 a2p0 re0 rm1 nos0 ru0 dp0}{unsigned-bitfield {6,1} nea
                            r* fixed}[remat]
                      00438 ;;[ICODE] led.c:43:     iTemp4 [k9 lr6:7 so:0]{ ia0 a2p0 re0 rm0 nos0 ru0 dp0}{unsigned-bitfield {6,1} f
                            ixed}[r0x104A ] = @[iTemp3 [k8 lr5:6 so:0]{ ia1 a2p0 re0 rm1 nos0 ru0 dp0}{unsigned-bitfield {6,1} near*
gpasm-1.5.0 #1284 (Oct 14 2022)       led.asm   04/30/25  16:58:24          PAGE 11


LOC    OBJECT CODE    LINE  SOURCE TEXT
  VALUE

                             fixed}[remat] + 0x0 {const-unsigned-char literal}]
                      00439 ;       .line   43; "led.c"     IsMotor =!IsMotor;
0000   18??           00440         CLRF    r0x100D
0001   37??           00441         BTFSC   _BITS_DATA0,6
0002   13??           00442         INCF    r0x100D,F
                      00443 ;;[ICODE] led.c:43:     iTemp5 [k10 lr7:8 so:0]{ ia0 a2p0 re0 rm0 nos0 ru0 dp0}{bit fixed}[r0x104B ] = n
                            ot iTemp4 [k9 lr6:7 so:0]{ ia0 a2p0 re0 rm0 nos0 ru0 dp0}{unsigned-bitfield {6,1} fixed}[r0x104A ]
0003   11??           00444         MOVF    r0x100D,W
0004   0400           00445         MOVLW   0x00
0005   3503           00446         BTFSC   STATUS,2
0006   0401           00447         MOVLW   0x01
                      00448 ;;1     MOVWF   r0x100E
0007   19??           00449         MOVWF   r0x100D
                      00450 ;;[ICODE] led.c:43:     *(iTemp1 [k5 lr4:9 so:0]{ ia1 a2p0 re0 rm1 nos0 ru0 dp0}{unsigned-bitfield {6,1}
                             near* fixed}[remat]) := iTemp6 [k11 lr8:9 so:0]{ ia0 a2p0 re0 rm0 nos0 ru0 dp0}{unsigned-bitfield {6,1}
                             fixed}[r0x104A ]
0008   15??           00451         RRF     r0x100D,W
0009   3003           00452         BTFSS   STATUS,0
000A   3F??           00453         BCF     _BITS_DATA0,6
000B   3403           00454         BTFSC   STATUS,0
000C   3B??           00455         BSF     _BITS_DATA0,6
                      00456 ;;[ICODE] led.c:43:  _return($1) :
                      00457 ;;[ICODE] led.c:43:     eproc _MotoSwitch [k1 lr0:0 so:0]{ ia0 a2p0 re0 rm0 nos0 ru0 dp0}{void function 
                            ( ) fixed}
000D   0002           00458         RETURN  
                      00459 ; exit point of _MotoSwitch
                      00460 
                      00461 ;***
                      00462 ;  pBlock Stats: dbName = C
                      00463 ;***
                      00464 ;has an exit
                      00465 ;; Starting pCode block
                      00466 ;;[ICODE] led.c:35:  _entry($2) :
                      00467 ;;[ICODE] led.c:35:     proc _LedOff [k1 lr0:0 so:0]{ ia0 a2p0 re0 rm0 nos0 ru0 dp0}{void function ( ) f
                            ixed}
                      00468 S_led__LedOff   code
0000                  00469 _LedOff:
                      00470 ; 2 exit points
                      00471 ;;[ICODE] led.c:37:     iTemp1 [k5 lr3:5 so:0]{ ia0 a2p0 re0 rm1 nos0 ru0 dp0}{volatile-unsigned-bitfiel
                            d {1,1} near* fixed}[remat] = &[_PORTBbits [k2 lr0:0 so:0]{ ia0 a2p0 re0 rm0 nos0 ru0 dp0}{volatile-stru
                            ct __00000005 fixed} , 0x0 {const-unsigned-char literal}]
                      00472 ;;[ICODE] led.c:37:     *(iTemp1 [k5 lr3:5 so:0]{ ia1 a2p0 re0 rm1 nos0 ru0 dp0}{volatile-unsigned-bitfi
                            eld {1,1} near* fixed}[remat]) := 0x1 {const-unsigned-char literal}
                      00473 ;       .line   37; "led.c"     PORT_LED1 = 1;
0000   38??           00474         BSF     _PORTBbits,1
                      00475 ;;[ICODE] led.c:38:     iTemp3 [k9 lr6:8 so:0]{ ia0 a2p0 re0 rm1 nos0 ru0 dp0}{volatile-unsigned-bitfiel
                            d {7,1} near* fixed}[remat] = &[_RAMPbits [k6 lr0:0 so:0]{ ia0 a2p0 re0 rm0 nos0 ru0 dp0}{volatile-struc
                            t __00000070 fixed} , 0x0 {const-unsigned-char literal}]
                      00476 ;;[ICODE] led.c:38:     *(iTemp3 [k9 lr6:8 so:0]{ ia1 a2p0 re0 rm1 nos0 ru0 dp0}{volatile-unsigned-bitfi
                            eld {7,1} near* fixed}[remat]) := 0x1 {const-unsigned-char literal}
                      00477 ;       .line   38; "led.c"     MODSEL = 1;
0001   3B??           00478         BSF     _RAMPbits,7
                      00479 ;;[ICODE] led.c:38:  _return($1) :
gpasm-1.5.0 #1284 (Oct 14 2022)       led.asm   04/30/25  16:58:24          PAGE 12


LOC    OBJECT CODE    LINE  SOURCE TEXT
  VALUE

                      00480 ;;[ICODE] led.c:38:     eproc _LedOff [k1 lr0:0 so:0]{ ia0 a2p0 re0 rm0 nos0 ru0 dp0}{void function ( ) 
                            fixed}
0002   0002           00481         RETURN  
                      00482 ; exit point of _LedOff
                      00483 
                      00484 ;***
                      00485 ;  pBlock Stats: dbName = C
                      00486 ;***
                      00487 ;has an exit
                      00488 ;; Starting pCode block
                      00489 ;;[ICODE] led.c:29:  _entry($2) :
                      00490 ;;[ICODE] led.c:29:     proc _LedOn [k1 lr0:0 so:0]{ ia0 a2p0 re0 rm0 nos0 ru0 dp0}{void function ( ) fi
                            xed}
                      00491 S_led__LedOn    code
0000                  00492 _LedOn:
                      00493 ; 2 exit points
                      00494 ;;[ICODE] led.c:31:     iTemp1 [k5 lr3:5 so:0]{ ia0 a2p0 re0 rm1 nos0 ru0 dp0}{volatile-unsigned-bitfiel
                            d {1,1} near* fixed}[remat] = &[_PORTBbits [k2 lr0:0 so:0]{ ia0 a2p0 re0 rm0 nos0 ru0 dp0}{volatile-stru
                            ct __00000005 fixed} , 0x0 {const-unsigned-char literal}]
                      00495 ;;[ICODE] led.c:31:     *(iTemp1 [k5 lr3:5 so:0]{ ia1 a2p0 re0 rm1 nos0 ru0 dp0}{volatile-unsigned-bitfi
                            eld {1,1} near* fixed}[remat]) := 0x0 {const-unsigned-char literal}
                      00496 ;       .line   31; "led.c"     PORT_LED1 = 0;
0000   3C??           00497         BCF     _PORTBbits,1
                      00498 ;;[ICODE] led.c:32:     iTemp3 [k9 lr6:8 so:0]{ ia0 a2p0 re0 rm1 nos0 ru0 dp0}{volatile-unsigned-bitfiel
                            d {7,1} near* fixed}[remat] = &[_RAMPbits [k6 lr0:0 so:0]{ ia0 a2p0 re0 rm0 nos0 ru0 dp0}{volatile-struc
                            t __00000070 fixed} , 0x0 {const-unsigned-char literal}]
                      00499 ;;[ICODE] led.c:32:     *(iTemp3 [k9 lr6:8 so:0]{ ia1 a2p0 re0 rm1 nos0 ru0 dp0}{volatile-unsigned-bitfi
                            eld {7,1} near* fixed}[remat]) := 0x1 {const-unsigned-char literal}
                      00500 ;       .line   32; "led.c"     MODSEL = 1;        //使能内置限流电阻
0001   3B??           00501         BSF     _RAMPbits,7
                      00502 ;;[ICODE] led.c:32:  _return($1) :
                      00503 ;;[ICODE] led.c:32:     eproc _LedOn [k1 lr0:0 so:0]{ ia0 a2p0 re0 rm0 nos0 ru0 dp0}{void function ( ) f
                            ixed}
0002   0002           00504         RETURN  
                      00505 ; exit point of _LedOn
                      00506 
                      00507 ;***
                      00508 ;  pBlock Stats: dbName = C
                      00509 ;***
                      00510 ;has an exit
                      00511 ;functions called:
                      00512 ;   _LedOn
                      00513 ;   _LedOff
                      00514 ;   _LedOn
                      00515 ;   _LedOff
                      00516 ;2 compiler assigned registers:
                      00517 ;   r0x100F
                      00518 ;   r0x1010
                      00519 ;; Starting pCode block
                      00520 ;;[ICODE] led.c:15:  _entry($5) :
                      00521 ;;[ICODE] led.c:15:     proc _LedDisplay [k1 lr0:0 so:0]{ ia0 a2p0 re0 rm0 nos0 ru0 dp0}{void function (
                             ) fixed}
                      00522 S_led__LedDisplay       code
gpasm-1.5.0 #1284 (Oct 14 2022)       led.asm   04/30/25  16:58:24          PAGE 13


LOC    OBJECT CODE    LINE  SOURCE TEXT
  VALUE

0000                  00523 _LedDisplay:
                      00524 ; 2 exit points
                      00525 ;;[ICODE] led.c:17:     iTemp1 [k5 lr3:5 so:0]{ ia0 a2p0 re0 rm1 nos0 ru0 dp0}{unsigned-bitfield {5,1} n
                            ear* fixed}[remat] = &[_BITS_DATA0 [k2 lr0:0 so:0]{ ia0 a2p0 re0 rm0 nos0 ru0 dp0}{struct __bits8_t fixe
                            d} , 0x0 {const-unsigned-char literal}]
                      00526 ;;[ICODE] led.c:17:     iTemp2 [k6 lr5:6 so:0]{ ia0 a2p0 re0 rm0 nos0 ru0 dp0}{unsigned-bitfield {5,1} f
                            ixed}[r0x1048 ] = @[iTemp1 [k5 lr3:5 so:0]{ ia1 a2p0 re0 rm1 nos0 ru0 dp0}{unsigned-bitfield {5,1} near*
                             fixed}[remat] + 0x0 {const-unsigned-char literal}]
                      00527 ;       .line   17; "led.c"     if(IsLight == 1 )
0000   18??           00528         CLRF    r0x100F
0001   36??           00529         BTFSC   _BITS_DATA0,5
0002   13??           00530         INCF    r0x100F,F
                      00531 ;;[ICODE] led.c:17:     iTemp3 [k7 lr6:7 so:0]{ ia0 a2p0 re0 rm0 nos0 ru0 dp0}{char fixed}[r0x1049 ] = (
                            char register)iTemp2 [k6 lr5:6 so:0]{ ia0 a2p0 re0 rm0 nos0 ru0 dp0}{unsigned-bitfield {5,1} fixed}[r0x1
                            048 ]
0003   11??           00532         MOVF    r0x100F,W
                      00533 ;;1     MOVWF   r0x1010
0004   0D01           00534         XORLW   0x01
0005   3103           00535         BTFSS   STATUS,2
0006   2???           00536         GOTO    _00110_DS_
                      00537 ;;[ICODE] led.c:17:     if iTemp4 [k8 lr7:8 so:0]{ ia0 a2p0 re0 rm0 nos0 ru0 dp0}{char fixed} == 0 goto 
                            __iffalse_0($2)
                      00538 ;;[ICODE] led.c:19:     iTemp5 [k10 lr9:9 so:0]{ ia0 a2p0 re0 rm0 nos0 ru0 dp0}{void fixed} = call _LedO
                            n [k9 lr0:0 so:0]{ ia0 a2p0 re0 rm0 nos0 ru0 dp0}{void function ( ) fixed}
                      00539 ;       .line   19; "led.c"     LedOn();
0007   2???           00540         CALL    _LedOn
                      00541 ;;[ICODE] led.c:19:      goto _return($4)
0008   2???           00542         GOTO    _00112_DS_
                      00543 ;;[ICODE] led.c:19:  __iffalse_0($2) :
                      00544 ;;[ICODE] led.c:23:     iTemp6 [k12 lr12:12 so:0]{ ia0 a2p0 re0 rm0 nos0 ru0 dp0}{void fixed} = call _Le
                            dOff [k11 lr0:0 so:0]{ ia0 a2p0 re0 rm0 nos0 ru0 dp0}{void function ( ) fixed}
0009                  00545 _00110_DS_:
                      00546 ;       .line   23; "led.c"     LedOff();
0009   2???           00547         CALL    _LedOff
                      00548 ;;[ICODE] led.c:23:  _return($4) :
                      00549 ;;[ICODE] led.c:23:     eproc _LedDisplay [k1 lr0:0 so:0]{ ia0 a2p0 re0 rm0 nos0 ru0 dp0}{void function 
                            ( ) fixed}
000A                  00550 _00112_DS_:
000A   0002           00551         RETURN  
                      00552 ; exit point of _LedDisplay
                      00553 
                      00554 ;***
                      00555 ;  pBlock Stats: dbName = C
                      00556 ;***
                      00557 ;has an exit
                      00558 ;2 compiler assigned registers:
                      00559 ;   r0x1011
                      00560 ;   r0x1012
                      00561 ;; Starting pCode block
                      00562 ;;[ICODE] led.c:6:  _entry($2) :
                      00563 ;;[ICODE] led.c:6:      proc _LedSwitch [k1 lr0:0 so:0]{ ia0 a2p0 re0 rm0 nos0 ru0 dp0}{void function ( 
                            ) fixed}
                      00564 S_led__LedSwitch        code
gpasm-1.5.0 #1284 (Oct 14 2022)       led.asm   04/30/25  16:58:24          PAGE 14


LOC    OBJECT CODE    LINE  SOURCE TEXT
  VALUE

0000                  00565 _LedSwitch:
                      00566 ; 2 exit points
                      00567 ;;[ICODE] led.c:9:      iTemp0 [k3 lr3:5 so:0]{ ia0 a2p0 re0 rm1 nos0 ru0 dp0}{unsigned-bitfield {5,1} n
                            ear* fixed}[remat] = &[_BITS_DATA0 [k2 lr0:0 so:0]{ ia0 a2p0 re0 rm0 nos0 ru0 dp0}{struct __bits8_t fixe
                            d} , 0x0 {const-unsigned-char literal}]
                      00568 ;;[ICODE] led.c:9:      iTemp1 [k5 lr4:9 so:0]{ ia0 a2p0 re0 rm1 nos0 ru0 dp0}{unsigned-bitfield {5,1} n
                            ear* fixed}[remat] := iTemp0 [k3 lr3:5 so:0]{ ia0 a2p0 re0 rm1 nos0 ru0 dp0}{unsigned-bitfield {5,1} nea
                            r* fixed}[remat]
                      00569 ;;[ICODE] led.c:9:      iTemp3 [k8 lr5:6 so:0]{ ia0 a2p0 re0 rm1 nos0 ru0 dp0}{unsigned-bitfield {5,1} n
                            ear* fixed}[remat] := iTemp0 [k3 lr3:5 so:0]{ ia0 a2p0 re0 rm1 nos0 ru0 dp0}{unsigned-bitfield {5,1} nea
                            r* fixed}[remat]
                      00570 ;;[ICODE] led.c:9:      iTemp4 [k9 lr6:7 so:0]{ ia0 a2p0 re0 rm0 nos0 ru0 dp0}{unsigned-bitfield {5,1} f
                            ixed}[r0x1045 ] = @[iTemp3 [k8 lr5:6 so:0]{ ia1 a2p0 re0 rm1 nos0 ru0 dp0}{unsigned-bitfield {5,1} near*
                             fixed}[remat] + 0x0 {const-unsigned-char literal}]
                      00571 ;       .line   9; "led.c"      IsLight = !IsLight;
0000   18??           00572         CLRF    r0x1011
0001   36??           00573         BTFSC   _BITS_DATA0,5
0002   13??           00574         INCF    r0x1011,F
                      00575 ;;[ICODE] led.c:9:      iTemp5 [k10 lr7:8 so:0]{ ia0 a2p0 re0 rm0 nos0 ru0 dp0}{bit fixed}[r0x1046 ] = n
                            ot iTemp4 [k9 lr6:7 so:0]{ ia0 a2p0 re0 rm0 nos0 ru0 dp0}{unsigned-bitfield {5,1} fixed}[r0x1045 ]
0003   11??           00576         MOVF    r0x1011,W
0004   0400           00577         MOVLW   0x00
0005   3503           00578         BTFSC   STATUS,2
0006   0401           00579         MOVLW   0x01
                      00580 ;;1     MOVWF   r0x1012
0007   19??           00581         MOVWF   r0x1011
                      00582 ;;[ICODE] led.c:9:      *(iTemp1 [k5 lr4:9 so:0]{ ia1 a2p0 re0 rm1 nos0 ru0 dp0}{unsigned-bitfield {5,1}
                             near* fixed}[remat]) := iTemp6 [k11 lr8:9 so:0]{ ia0 a2p0 re0 rm0 nos0 ru0 dp0}{unsigned-bitfield {5,1}
                             fixed}[r0x1045 ]
0008   15??           00583         RRF     r0x1011,W
0009   3003           00584         BTFSS   STATUS,0
000A   3E??           00585         BCF     _BITS_DATA0,5
000B   3403           00586         BTFSC   STATUS,0
000C   3A??           00587         BSF     _BITS_DATA0,5
                      00588 ;;[ICODE] led.c:9:  _return($1) :
                      00589 ;;[ICODE] led.c:9:      eproc _LedSwitch [k1 lr0:0 so:0]{ ia0 a2p0 re0 rm0 nos0 ru0 dp0}{void function (
                             ) fixed}
000D   0002           00590         RETURN  
                      00591 ; exit point of _LedSwitch
                      00592 
                      00593 
                      00594 ;       code size estimation:
                      00595 ;         141+    0 =   141 instructions (  282 byte)
                      00596 
                      00597         end
gpasm-1.5.0 #1284 (Oct 14 2022)       led.asm   04/30/25  16:58:24          PAGE 15


SYMBOL TABLE
  LABEL                              TYPE        VALUE         VALUE          VALUE
                                                 (hex)         (dec)          (text)

AUXR                              CONSTANT      00000059             89
BOR                               CONSTANT      00000006              6
BUZ                               CONSTANT      00000005              5
C                                 CONSTANT      00000000              0
CHARE                             CONSTANT      00000005              5
CHARF                             CONSTANT      00000005              5
CHARGE0                           CONSTANT      00000053             83
CHARGE1                           CONSTANT      00000054             84
CHARGEN                           CONSTANT      00000007              7
CMPCR                             CONSTANT      00000051             81
CMPEN                             CONSTANT      00000000              0
CMPF                              CONSTANT      00000003              3
CMPIE                             CONSTANT      00000002              2
CMPIES                            CONSTANT      00000001              1
CMPOF                             CONSTANT      00000005              5
CMPWK                             CONSTANT      00000003              3
CPNIS0                            CONSTANT      00000001              1
CPNIS1                            CONSTANT      00000002              2
CPNIS2                            CONSTANT      00000003              3
CPNIS3                            CONSTANT      00000004              4
CPPIS                             CONSTANT      00000000              0
DC                                CONSTANT      00000001              1
EIS                               CONSTANT      00000006              6
F                                 CONSTANT      00000001              1
FSR                               CONSTANT      00000004              4
GIE                               CONSTANT      00000007              7
GP0                               CONSTANT      00000005              5
GP1                               CONSTANT      00000006              6
GPR                               CONSTANT      00000007              7
HIRCTRM                           CONSTANT      0000005B             91
HXEN                              CONSTANT      00000001              1
INDF                              CONSTANT      00000000              0
INTE                              CONSTANT      00000002              2
INTECON                           CONSTANT      0000000E             14
INTEDG                            CONSTANT      00000006              6
INTF                              CONSTANT      00000002              2
INTFLAG                           CONSTANT      0000000F             15
IOCB                              CONSTANT      00000009              9
IOCB0                             CONSTANT      00000000              0
IOCB1                             CONSTANT      00000001              1
IOCB2                             CONSTANT      00000002              2
IOCB3                             CONSTANT      00000003              3
IOCB4                             CONSTANT      00000004              4
IOCB5                             CONSTANT      00000005              5
IOCB6                             CONSTANT      00000006              6
IOCB7                             CONSTANT      00000007              7
LVDM                              CONSTANT      00000004              4
MODSEL                            CONSTANT      00000007              7
ODB0                              CONSTANT      00000000              0
ODB1                              CONSTANT      00000001              1
ODB2                              CONSTANT      00000002              2
ODB3                              CONSTANT      00000003              3
gpasm-1.5.0 #1284 (Oct 14 2022)       led.asm   04/30/25  16:58:24          PAGE 16


SYMBOL TABLE
  LABEL                              TYPE        VALUE         VALUE          VALUE
                                                 (hex)         (dec)          (text)

ODB4                              CONSTANT      00000004              4
ODB5                              CONSTANT      00000005              5
ODB6                              CONSTANT      00000006              6
ODB7                              CONSTANT      00000007              7
ODCON                             CONSTANT      0000000C             12
OPTION                            CONSTANT      00000041             65
OSCCON                            CONSTANT      00000050             80
PBIE                              CONSTANT      00000001              1
PBIF                              CONSTANT      00000001              1
PCL                               CONSTANT      00000002              2
PCLATH                            CONSTANT      0000000A             10
PCON                              CONSTANT      00000008              8
PD                                CONSTANT      00000003              3
PDB0                              CONSTANT      00000004              4
PDB1                              CONSTANT      00000005              5
PDB2                              CONSTANT      00000006              6
PDB3                              CONSTANT      00000003              3
PDB4                              CONSTANT      00000004              4
PDB5                              CONSTANT      00000005              5
PDB6                              CONSTANT      00000006              6
PDB7                              CONSTANT      00000007              7
PDCON                             CONSTANT      0000000B             11
PDCON1                            CONSTANT      00000052             82
PHB0                              CONSTANT      00000000              0
PHB1                              CONSTANT      00000001              1
PHB2                              CONSTANT      00000002              2
PHB3                              CONSTANT      00000003              3
PHB4                              CONSTANT      00000004              4
PHB5                              CONSTANT      00000005              5
PHB6                              CONSTANT      00000006              6
PHB7                              CONSTANT      00000007              7
PHCON                             CONSTANT      0000000D             13
POR                               CONSTANT      00000007              7
PORTB                             CONSTANT      00000006              6
PORTB0                            CONSTANT      00000000              0
PORTB1                            CONSTANT      00000001              1
PORTB2                            CONSTANT      00000002              2
PORTB3                            CONSTANT      00000003              3
PORTB4                            CONSTANT      00000004              4
PORTB5                            CONSTANT      00000005              5
PORTB6                            CONSTANT      00000006              6
PORTB7                            CONSTANT      00000007              7
PS0                               CONSTANT      00000000              0
PS1                               CONSTANT      00000001              1
PS2                               CONSTANT      00000002              2
PSA                               CONSTANT      00000003              3
PSAVE                             EXTERNAL      00000000              0
PWM0E                             CONSTANT      00000006              6
PWM0OE                            CONSTANT      00000007              7
PWM0P                             CONSTANT      0000004F             79
PWM1E                             CONSTANT      00000001              1
PWM1OE                            CONSTANT      00000006              6
gpasm-1.5.0 #1284 (Oct 14 2022)       led.asm   04/30/25  16:58:24          PAGE 17


SYMBOL TABLE
  LABEL                              TYPE        VALUE         VALUE          VALUE
                                                 (hex)         (dec)          (text)

PWM1P                             CONSTANT      00000049             73
PWM2E                             CONSTANT      00000000              0
PWM2OE                            CONSTANT      00000005              5
PWM2P                             CONSTANT      0000004A             74
PWM3CT                            CONSTANT      00000001              1
PWMCK                             CONSTANT      00000004              4
PWMCON                            CONSTANT      00000048             72
PWMCT                             CONSTANT      00000000              0
PWMINV                            CONSTANT      00000002              2
PWMMD                             CONSTANT      00000003              3
RAMP                              CONSTANT      00000055             85
RCTRMEN                           CONSTANT      00000002              2
RST                               CONSTANT      00000007              7
S0                                CONSTANT      00000000              0
S1                                CONSTANT      00000001              1
S2                                CONSTANT      00000002              2
S3                                CONSTANT      00000003              3
S4                                CONSTANT      00000004              4
S5                                CONSTANT      00000005              5
S6                                CONSTANT      00000006              6
S7                                CONSTANT      00000007              7
S8                                CONSTANT      00000000              0
S9                                CONSTANT      00000001              1
SCS                               CONSTANT      00000000              0
SINK_SEL                          CONSTANT      00000006              6
SLOP0                             CONSTANT      00000000              0
SLOP1                             CONSTANT      00000001              1
SLOP2                             CONSTANT      00000002              2
SSAVE                             EXTERNAL      00000000              0
STATUS                            CONSTANT      00000003              3
STK00                             EXTERNAL      00000000              0
STK01                             EXTERNAL      00000000              0
STK02                             EXTERNAL      00000000              0
STK03                             EXTERNAL      00000000              0
STK04                             EXTERNAL      00000000              0
STK05                             EXTERNAL      00000000              0
STK06                             EXTERNAL      00000000              0
STK07                             EXTERNAL      00000000              0
STK08                             EXTERNAL      00000000              0
STK09                             EXTERNAL      00000000              0
STK10                             EXTERNAL      00000000              0
STK11                             EXTERNAL      00000000              0
STK12                             EXTERNAL      00000000              0
T0                                CONSTANT      00000001              1
T0CK                              CONSTANT      00000007              7
T0CR                              CONSTANT      0000004B             75
T0CS                              CONSTANT      00000005              5
T0IE                              CONSTANT      00000000              0
T0IF                              CONSTANT      00000000              0
T0OSCEN                           CONSTANT      00000007              7
T0SE                              CONSTANT      00000004              4
T1                                CONSTANT      0000004D             77
gpasm-1.5.0 #1284 (Oct 14 2022)       led.asm   04/30/25  16:58:24          PAGE 18


SYMBOL TABLE
  LABEL                              TYPE        VALUE         VALUE          VALUE
                                                 (hex)         (dec)          (text)

T1CK0                             CONSTANT      00000003              3
T1CK1                             CONSTANT      00000004              4
T1CON                             CONSTANT      0000004C             76
T1EN                              CONSTANT      00000007              7
T1IE                              CONSTANT      00000001              1
T1IF                              CONSTANT      00000000              0
T1LOAD                            CONSTANT      0000004E             78
T1PR0                             CONSTANT      00000000              0
T1PR1                             CONSTANT      00000001              1
T1PR2                             CONSTANT      00000002              2
TEMPEN                            CONSTANT      00000006              6
TMPE                              CONSTANT      00000004              4
TMPF                              CONSTANT      00000004              4
TO                                CONSTANT      00000004              4
TRISB                             CONSTANT      00000046             70
TRISB0                            CONSTANT      00000000              0
TRISB1                            CONSTANT      00000001              1
TRISB2                            CONSTANT      00000002              2
TRISB3                            CONSTANT      00000003              3
TRISB4                            CONSTANT      00000004              4
TRISB5                            CONSTANT      00000005              5
TRISB6                            CONSTANT      00000006              6
TRISB7                            CONSTANT      00000007              7
W                                 CONSTANT      00000000              0
WDTEN                             CONSTANT      00000007              7
WSAVE                             EXTERNAL      00000000              0
Z                                 CONSTANT      00000002              2
_00110_DS_                        ADDRESS       00000009              9
_00112_DS_                        ADDRESS       0000000A             10
_00138_DS_                        ADDRESS       00000009              9
_00140_DS_                        ADDRESS       0000000A             10
_00156_DS_                        ADDRESS       00000021             33
_00157_DS_                        ADDRESS       00000025             37
_00161_DS_                        ADDRESS       00000046             70
_00163_DS_                        ADDRESS       0000004A             74
_00177_DS_                        ADDRESS       0000001D             29
_00178_DS_                        ADDRESS       00000042             66
_AUXR                             EXTERNAL      00000000              0
_AUXRbits                         EXTERNAL      00000000              0
_BITS_DATA0                       EXTERNAL      00000000              0
_BITS_DATA1                       EXTERNAL      00000000              0
_CHARGE0                          EXTERNAL      00000000              0
_CHARGE0bits                      EXTERNAL      00000000              0
_CHARGE1                          EXTERNAL      00000000              0
_CHARGE1bits                      EXTERNAL      00000000              0
_CMPCR                            EXTERNAL      00000000              0
_CMPCRbits                        EXTERNAL      00000000              0
_CONFIG                           CONSTANT      00002000           8192
_CP_OFF                           CONSTANT      00003FFF          16383
_CP_ON                            CONSTANT      00003FEF          16367
_CountdownDisplay                 GLOBAL        00000000              0
_FOSC_HS                          CONSTANT      00003FFD          16381
gpasm-1.5.0 #1284 (Oct 14 2022)       led.asm   04/30/25  16:58:24          PAGE 19


SYMBOL TABLE
  LABEL                              TYPE        VALUE         VALUE          VALUE
                                                 (hex)         (dec)          (text)

_FOSC_INTRCIO                     CONSTANT      00003FFC          16380
_FOSC_LP                          CONSTANT      00003CFF          15615
_FOSC_XT                          CONSTANT      00003DFF          15871
_FSR                              EXTERNAL      00000000              0
_GPR                              EXTERNAL      00000000              0
_HIRCTRM                          EXTERNAL      00000000              0
_HS_OSC                           CONSTANT      00003FFD          16381
_INDF                             EXTERNAL      00000000              0
_INTECON                          EXTERNAL      00000000              0
_INTECONbits                      EXTERNAL      00000000              0
_INTFLAG                          EXTERNAL      00000000              0
_INTFLAGbits                      EXTERNAL      00000000              0
_INTOSCIO                         CONSTANT      00003FFC          16380
_INTRC_OSC_NOCLKOUT               CONSTANT      00003FFC          16380
_IOCB                             EXTERNAL      00000000              0
_IOCBbits                         EXTERNAL      00000000              0
_InitPort                         EXTERNAL      00000000              0
_InitPwm                          EXTERNAL      00000000              0
_InitRam                          EXTERNAL      00000000              0
_InitSystem                       EXTERNAL      00000000              0
_LP_OSC                           CONSTANT      00003CFF          15615
_LedDisplay                       GLOBAL        00000000              0
_LedOff                           GLOBAL        00000000              0
_LedOn                            GLOBAL        00000000              0
_LedSwitch                        GLOBAL        00000000              0
_MaxLight                         EXTERNAL      00000000              0
_MotoDisplay                      GLOBAL        00000000              0
_MotoOff                          GLOBAL        00000000              0
_MotoOn                           GLOBAL        00000000              0
_MotoSwitch                       GLOBAL        00000000              0
_ODCON                            EXTERNAL      00000000              0
_ODCONbits                        EXTERNAL      00000000              0
_OPTION                           EXTERNAL      00000000              0
_OPTIONbits                       EXTERNAL      00000000              0
_OSCCON                           EXTERNAL      00000000              0
_OSCCONbits                       EXTERNAL      00000000              0
_PCL                              EXTERNAL      00000000              0
_PCLATH                           EXTERNAL      00000000              0
_PCON                             EXTERNAL      00000000              0
_PCONbits                         EXTERNAL      00000000              0
_PDCON                            EXTERNAL      00000000              0
_PDCON1                           EXTERNAL      00000000              0
_PDCON1bits                       EXTERNAL      00000000              0
_PDCONbits                        EXTERNAL      00000000              0
_PHCON                            EXTERNAL      00000000              0
_PHCONbits                        EXTERNAL      00000000              0
_PORTB                            EXTERNAL      00000000              0
_PORTBbits                        EXTERNAL      00000000              0
_PWM0P                            EXTERNAL      00000000              0
_PWM1P                            EXTERNAL      00000000              0
_PWM2P                            EXTERNAL      00000000              0
_PWMCON                           EXTERNAL      00000000              0
gpasm-1.5.0 #1284 (Oct 14 2022)       led.asm   04/30/25  16:58:24          PAGE 20


SYMBOL TABLE
  LABEL                              TYPE        VALUE         VALUE          VALUE
                                                 (hex)         (dec)          (text)

_PWMCONbits                       EXTERNAL      00000000              0
_PowOff                           GLOBAL        00000000              0
_PowOn                            GLOBAL        00000000              0
_RAMP                             EXTERNAL      00000000              0
_RAMPbits                         EXTERNAL      00000000              0
_STATUS                           EXTERNAL      00000000              0
_STATUSbits                       EXTERNAL      00000000              0
_SleepCount                       EXTERNAL      00000000              0
_SleepFlag                        EXTERNAL      00000000              0
_T0                               EXTERNAL      00000000              0
_T0CR                             EXTERNAL      00000000              0
_T0CRbits                         EXTERNAL      00000000              0
_T1                               EXTERNAL      00000000              0
_T1CON                            EXTERNAL      00000000              0
_T1CONbits                        EXTERNAL      00000000              0
_T1LOAD                           EXTERNAL      00000000              0
_TRISB                            EXTERNAL      00000000              0
_TRISBbits                        EXTERNAL      00000000              0
_TempCount                        EXTERNAL      00000000              0
_TempFlag                         EXTERNAL      00000000              0
_WDTE_OFF                         CONSTANT      00003FFB          16379
_WDTE_ON                          CONSTANT      00003FFF          16383
_WDT_OFF                          CONSTANT      00003FFB          16379
_WDT_ON                           CONSTANT      00003FFF          16383
_XT_OSC                           CONSTANT      00003DFF          15871
__14_BIT                          CONSTANT      00000001              1
__18P018A0                        CONSTANT      00000001              1
__ACTIVE_BANK_ADDR                VARIABLE      FFFFFFFF             -1
__ACTIVE_PAGE_ADDR                VARIABLE      FFFFFFFF             -1
__ASSUMED_BANK_ADDR               VARIABLE      00000000              0
__BANK_0                          CONSTANT      00000000              0
__BANK_BITS                       CONSTANT      00000080            128
__BANK_FIRST                      CONSTANT      00000000              0
__BANK_INV                        CONSTANT      FFFFFFFF             -1
__BANK_LAST                       CONSTANT      00000000              0
__BANK_MASK                       CONSTANT      0000007F            127
__BANK_SHIFT                      CONSTANT      00000007              7
__BANK_SIZE                       CONSTANT      00000080            128
__CODE_END                        CONSTANT      000003FF           1023
__CODE_START                      CONSTANT      00000000              0
__CONFIG_END                      CONSTANT      00002003           8195
__CONFIG_START                    CONSTANT      00002000           8192
__GPUTILS_SVN_VERSION             CONSTANT      00000504           1284
__GPUTILS_VERSION_MAJOR           CONSTANT      00000001              1
__GPUTILS_VERSION_MICRO           CONSTANT      00000000              0
__GPUTILS_VERSION_MINOR           CONSTANT      00000005              5
__IDLOCS_END                      CONSTANT      00002005           8197
__IDLOCS_START                    CONSTANT      00002004           8196
__NUM_BANKS                       CONSTANT      00000001              1
__PAGE_BITS                       CONSTANT      00001800           6144
__PAGE_INV                        CONSTANT      FFFFFFFF             -1
__PAGE_MASK                       CONSTANT      00000000              0
gpasm-1.5.0 #1284 (Oct 14 2022)       led.asm   04/30/25  16:58:24          PAGE 21


SYMBOL TABLE
  LABEL                              TYPE        VALUE         VALUE          VALUE
                                                 (hex)         (dec)          (text)

__PAGE_SHIFT                      CONSTANT      0000000B             11
__PAGE_SIZE                       CONSTANT      00000000              0
__VECTOR_INT                      CONSTANT      00000008              8
__VECTOR_RESET                    CONSTANT      00000000              0
__WHILE_LOOP_COUNT_MAX            CONSTANT      000000FF            255
_g_ucTimer10msCount               EXTERNAL      00000000              0
_g_ucTimerWorkCount               EXTERNAL      00000000              0
_lampTiming                       GLOBAL        00000000              0
_motoTiming                       GLOBAL        00000000              0
r0x100A                           STATIC        00000005              5
r0x100B                           STATIC        00000003              3
r0x100D                           STATIC        00000002              2
r0x100F                           STATIC        00000001              1
r0x1009                           STATIC        00000004              4
r0x1011                           STATIC        00000000              0

Errors   :     0
Warnings :     0 reported,     0 suppressed
Messages :     1 reported,     0 suppressed

