gpasm-1.5.0 #1284 (Oct 14 2022)      temp.asm   05/15/25  15:35:48          PAGE  1


LOC    OBJECT CODE    LINE  SOURCE TEXT
  VALUE

                      00001 ;--------------------------------------------------------
                      00002 ; File Created by SDCC : free open source ANSI-C Compiler
                      00003 ; Version 3.6.0 #9615 (CYGWIN)
                      00004 ;--------------------------------------------------------
                      00005 ; PIC port for the 14-bit core
                      00006 ;--------------------------------------------------------
                      00007 ;       .file   "temp.c"
                      00008         list    p=18p018a0
                      00009         radix dec
                      00010         include "p18p018a0.inc"
                      00001        LIST
                      00002 
                      00003 ;==========================================================================
                      00004 ; Build date : Jun 02 2017
                      00005 ;  HCIDE HC18P018A0 processor include
                      00006 ; 
                      00007 ;  (c) Copyright 2012-2021 Holychip Technology, All rights reserved
                      00008 ;==========================================================================
                      00009 
Message[301]: MESSAGE: "Processor-header file mismatch.  Verify selected processor."
                      00378         LIST
                      00011 ;--------------------------------------------------------
                      00012 ; external declarations
                      00013 ;--------------------------------------------------------
  0000                00014         extern  _DelayMs
  0000                00015         extern  _ControlLevelLow
  0000                00016         extern  _ControlLevelHigh
  0000                00017         extern  _ControlLevel
  0000                00018         extern  _ControlFlash
  0000                00019         extern  _ControlSos
  0000                00020         extern  _InitPort
  0000                00021         extern  _InitSystem
  0000                00022         extern  _InitPwm
  0000                00023         extern  _InitRam
  0000                00024         extern  _delay_ms
  0000                00025         extern  _STATUSbits
  0000                00026         extern  _PORTBbits
  0000                00027         extern  _PCONbits
  0000                00028         extern  _IOCBbits
  0000                00029         extern  _PDCONbits
  0000                00030         extern  _ODCONbits
  0000                00031         extern  _PHCONbits
  0000                00032         extern  _INTECONbits
  0000                00033         extern  _INTFLAGbits
  0000                00034         extern  _OPTIONbits
  0000                00035         extern  _TRISBbits
  0000                00036         extern  _PWMCONbits
  0000                00037         extern  _T0CRbits
  0000                00038         extern  _T1CONbits
  0000                00039         extern  _OSCCONbits
  0000                00040         extern  _CMPCRbits
  0000                00041         extern  _PDCON1bits
  0000                00042         extern  _CHARGE0bits
gpasm-1.5.0 #1284 (Oct 14 2022)      temp.asm   05/15/25  15:35:48          PAGE  2


LOC    OBJECT CODE    LINE  SOURCE TEXT
  VALUE

  0000                00043         extern  _CHARGE1bits
  0000                00044         extern  _RAMPbits
  0000                00045         extern  _AUXRbits
  0000                00046         extern  _BITS_DATA0
  0000                00047         extern  _BITS_DATA1
  0000                00048         extern  _g_ucTimer10msCount
  0000                00049         extern  _g_ucTimerWorkCount
  0000                00050         extern  _TempCount
  0000                00051         extern  _TempFlag
  0000                00052         extern  _SleepCount
  0000                00053         extern  _SleepFlag
  0000                00054         extern  _MaxLight
  0000                00055         extern  _INDF
  0000                00056         extern  _T0
  0000                00057         extern  _PCL
  0000                00058         extern  _STATUS
  0000                00059         extern  _FSR
  0000                00060         extern  _PORTB
  0000                00061         extern  _GPR
  0000                00062         extern  _PCON
  0000                00063         extern  _IOCB
  0000                00064         extern  _PCLATH
  0000                00065         extern  _PDCON
  0000                00066         extern  _ODCON
  0000                00067         extern  _PHCON
  0000                00068         extern  _INTECON
  0000                00069         extern  _INTFLAG
  0000                00070         extern  _OPTION
  0000                00071         extern  _TRISB
  0000                00072         extern  _PWMCON
  0000                00073         extern  _PWM1P
  0000                00074         extern  _PWM2P
  0000                00075         extern  _T0CR
  0000                00076         extern  _T1CON
  0000                00077         extern  _T1
  0000                00078         extern  _T1LOAD
  0000                00079         extern  _PWM0P
  0000                00080         extern  _OSCCON
  0000                00081         extern  _CMPCR
  0000                00082         extern  _PDCON1
  0000                00083         extern  _CHARGE0
  0000                00084         extern  _CHARGE1
  0000                00085         extern  _RAMP
  0000                00086         extern  _AUXR
  0000                00087         extern  _HIRCTRM
                      00088 
  0000                00089         extern PSAVE
  0000                00090         extern SSAVE
  0000                00091         extern WSAVE
  0000                00092         extern STK12
  0000                00093         extern STK11
  0000                00094         extern STK10
  0000                00095         extern STK09
gpasm-1.5.0 #1284 (Oct 14 2022)      temp.asm   05/15/25  15:35:48          PAGE  3


LOC    OBJECT CODE    LINE  SOURCE TEXT
  VALUE

  0000                00096         extern STK08
  0000                00097         extern STK07
  0000                00098         extern STK06
  0000                00099         extern STK05
  0000                00100         extern STK04
  0000                00101         extern STK03
  0000                00102         extern STK02
  0000                00103         extern STK01
  0000                00104         extern STK00
                      00105 ;--------------------------------------------------------
                      00106 ; global declarations
                      00107 ;--------------------------------------------------------
  0000                00108         global  _CheckSleep
  0000                00109         global  _CheckTemp
                      00110 
                      00111 ;--------------------------------------------------------
                      00112 ; global definitions
                      00113 ;--------------------------------------------------------
                      00114 ;--------------------------------------------------------
                      00115 ; absolute symbol definitions
                      00116 ;--------------------------------------------------------
                      00117 ;--------------------------------------------------------
                      00118 ; compiler-defined variables
                      00119 ;--------------------------------------------------------
                      00120 UDL_temp_0      udata
0000                  00121 r0x1005 res     1
0001                  00122 r0x1006 res     1
                      00123 ;--------------------------------------------------------
                      00124 ; initialized data
                      00125 ;--------------------------------------------------------
                      00126 ;--------------------------------------------------------
                      00127 ; overlayable items in internal ram 
                      00128 ;--------------------------------------------------------
                      00129 ;       udata_ovr
                      00130 ;--------------------------------------------------------
                      00131 ; code
                      00132 ;--------------------------------------------------------
                      00133 code_temp       code
                      00134 ;***
                      00135 ;  pBlock Stats: dbName = C
                      00136 ;***
                      00137 ;has an exit
                      00138 ;functions called:
                      00139 ;   _InitPort
                      00140 ;   _InitPort
                      00141 ;2 compiler assigned registers:
                      00142 ;   r0x1005
                      00143 ;   r0x1006
                      00144 ;; Starting pCode block
                      00145 ;;[ICODE] temp.c:33:  _entry($7) :
                      00146 ;;[ICODE] temp.c:33:    proc _CheckSleep [k1 lr0:0 so:0]{ ia0 a2p0 re0 rm0 nos0 ru0 dp0}{void function (
                             ) fixed}
                      00147 S_temp__CheckSleep      code
gpasm-1.5.0 #1284 (Oct 14 2022)      temp.asm   05/15/25  15:35:48          PAGE  4


LOC    OBJECT CODE    LINE  SOURCE TEXT
  VALUE

0000                  00148 _CheckSleep:
                      00149 ; 2 exit points
                      00150 ;;[ICODE] temp.c:35:    iTemp1 [k5 lr3:5 so:0]{ ia0 a2p0 re0 rm1 nos0 ru0 dp0}{unsigned-bitfield {5,1} n
                            ear* fixed}[remat] = &[_BITS_DATA0 [k2 lr0:0 so:0]{ ia0 a2p0 re0 rm0 nos0 ru0 dp0}{struct __bits8_t fixe
                            d} , 0x0 {const-unsigned-char literal}]
                      00151 ;;[ICODE] temp.c:35:    iTemp2 [k6 lr5:6 so:0]{ ia0 a2p0 re0 rm0 nos0 ru0 dp0}{unsigned-bitfield {5,1} f
                            ixed}[r0x1049 ] = @[iTemp1 [k5 lr3:5 so:0]{ ia1 a2p0 re0 rm1 nos0 ru0 dp0}{unsigned-bitfield {5,1} near*
                             fixed}[remat] + 0x0 {const-unsigned-char literal}]
                      00152 ;       .line   35; "temp.c"    if(1 == IsLight || 1 == IsMotor)
0000   18??           00153         CLRF    r0x1005
0001   36??           00154         BTFSC   _BITS_DATA0,5
0002   13??           00155         INCF    r0x1005,F
                      00156 ;;[ICODE] temp.c:35:    iTemp3 [k7 lr6:7 so:0]{ ia0 a2p0 re0 rm0 nos0 ru0 dp0}{char fixed}[r0x104A ] = (
                            char register)iTemp2 [k6 lr5:6 so:0]{ ia0 a2p0 re0 rm0 nos0 ru0 dp0}{unsigned-bitfield {5,1} fixed}[r0x1
                            049 ]
0003   11??           00157         MOVF    r0x1005,W
0004   19??           00158         MOVWF   r0x1006
0005   0D01           00159         XORLW   0x01
0006   3503           00160         BTFSC   STATUS,2
0007   2???           00161         GOTO    _00114_DS_
0008   18??           00162         CLRF    r0x1005
0009   37??           00163         BTFSC   _BITS_DATA0,6
000A   13??           00164         INCF    r0x1005,F
                      00165 ;;[ICODE] temp.c:35:    iTemp8 [k13 lr12:13 so:0]{ ia0 a2p0 re0 rm0 nos0 ru0 dp0}{char fixed}[r0x104A ] 
                            = (char register)iTemp7 [k12 lr11:12 so:0]{ ia0 a2p0 re0 rm0 nos0 ru0 dp0}{unsigned-bitfield {6,1} fixed
                            }[r0x1049 ]
000B   11??           00166         MOVF    r0x1005,W
000C   19??           00167         MOVWF   r0x1006
000D   0D01           00168         XORLW   0x01
000E   3103           00169         BTFSS   STATUS,2
000F   2???           00170         GOTO    _00115_DS_
                      00171 ;;[ICODE] temp.c:35:    if iTemp9 [k14 lr13:14 so:0]{ ia0 a2p0 re0 rm0 nos0 ru0 dp0}{char fixed} == 0 go
                            to __iffalse_2($2)
                      00172 ;;[ICODE] temp.c:35:  __iftrue_2($1) :
                      00173 ;;[ICODE] temp.c:37:    _SleepCount [k15 lr0:0 so:0]{ ia1 a2p0 re0 rm0 nos0 ru0 dp0}{unsigned-int fixed}
                             := 0x0 {unsigned-int literal}
0010                  00174 _00114_DS_:
                      00175 ;       .line   37; "temp.c"    SleepCount = 0;
0010   18??           00176         CLRF    _SleepCount
0011   18??           00177         CLRF    (_SleepCount + 1)
                      00178 ;;[ICODE] temp.c:37:  __iffalse_2($2) :
                      00179 ;;[ICODE] temp.c:42:    iTemp11 [k17 lr18:19 so:0]{ ia0 a2p0 re0 rm0 nos0 ru0 dp0}{char fixed} = _SleepC
                            ount [k15 lr0:0 so:0]{ ia0 a2p0 re0 rm0 nos0 ru0 dp0}{unsigned-int fixed} < 0x3e8 {unsigned-int literal}
                      00180 ;;unsigned compare: left < lit(0x3E8=1000), size=2
0012                  00181 _00115_DS_:
                      00182 ;       .line   42; "temp.c"    if(SleepCount < 1000)
0012   0403           00183         MOVLW   0x03
0013   1B??           00184         SUBWF   (_SleepCount + 1),W
0014   3103           00185         BTFSS   STATUS,2
0015   2???           00186         GOTO    _00128_DS_
0016   04E8           00187         MOVLW   0xe8
0017   1B??           00188         SUBWF   _SleepCount,W
0018                  00189 _00128_DS_:
gpasm-1.5.0 #1284 (Oct 14 2022)      temp.asm   05/15/25  15:35:48          PAGE  5


LOC    OBJECT CODE    LINE  SOURCE TEXT
  VALUE

0018   3403           00190         BTFSC   STATUS,0
0019   2???           00191         GOTO    _00118_DS_
                      00192 ;;genSkipc:3257: created from rifx:0x782c44
                      00193 ;;[ICODE] temp.c:42:    if iTemp11 [k17 lr18:19 so:0]{ ia0 a2p0 re0 rm0 nos0 ru0 dp0}{char fixed} == 0 g
                            oto __iffalse_3($5)
                      00194 ;;[ICODE] temp.c:45:    _SleepCount [k15 lr0:0 so:0]{ ia1 a2p0 re0 rm0 nos0 ru0 dp0}{unsigned-int fixed}
                             = _SleepCount [k15 lr0:0 so:0]{ ia1 a2p0 re0 rm0 nos0 ru0 dp0}{unsigned-int fixed} + 0x1 {const-unsigne
                            d-char literal}
                      00195 ;       .line   45; "temp.c"    SleepCount++;
001A   13??           00196         INCF    _SleepCount,F
001B   3503           00197         BTFSC   STATUS,2
001C   13??           00198         INCF    (_SleepCount + 1),F
                      00199 ;;[ICODE] temp.c:46:    ret
                      00200 ;       .line   46; "temp.c"    return;
001D   2???           00201         GOTO    _00119_DS_
                      00202 ;;[ICODE] temp.c:46:  __iffalse_3($5) :
                      00203 ;;[ICODE] temp.c:49:    _RAMP [k21 lr0:0 so:0]{ ia1 a2p0 re0 rm0 nos0 ru0 dp0}{volatile-unsigned-char sf
                            r} := 0x0 {const-unsigned-char literal}
001E                  00204 _00118_DS_:
                      00205 ;       .line   49; "temp.c"    RAMP = 0;
001E   18??           00206         CLRF    _RAMP
                      00207 ;;[ICODE] temp.c:50:    _T1CON [k22 lr0:0 so:0]{ ia1 a2p0 re0 rm0 nos0 ru0 dp0}{volatile-unsigned-char s
                            fr} := 0x0 {const-unsigned-char literal}
                      00208 ;       .line   50; "temp.c"    T1CON = 0;
001F   18??           00209         CLRF    _T1CON
                      00210 ;;[ICODE] temp.c:51:    _CHARGE1 [k23 lr0:0 so:0]{ ia1 a2p0 re0 rm0 nos0 ru0 dp0}{volatile-unsigned-char
                             sfr} := 0x0 {const-unsigned-char literal}
                      00211 ;       .line   51; "temp.c"    CHARGE1 = 0;
0020   18??           00212         CLRF    _CHARGE1
                      00213 ;;[ICODE] temp.c:52:    _CHARGE0 [k24 lr0:0 so:0]{ ia1 a2p0 re0 rm0 nos0 ru0 dp0}{volatile-unsigned-char
                             sfr} := 0x0 {const-unsigned-char literal}
                      00214 ;       .line   52; "temp.c"    CHARGE0 = 0;
0021   18??           00215         CLRF    _CHARGE0
                      00216 ;;[ICODE] temp.c:53:    _PCON [k25 lr0:0 so:0]{ ia1 a2p0 re0 rm0 nos0 ru0 dp0}{volatile-unsigned-char sf
                            r} := 0x0 {const-unsigned-char literal}
                      00217 ;       .line   53; "temp.c"    PCON = 0;
0022   18??           00218         CLRF    _PCON
                      00219 ;;[ICODE] temp.c:54:    _CMPCR [k26 lr0:0 so:0]{ ia1 a2p0 re0 rm0 nos0 ru0 dp0}{volatile-unsigned-char s
                            fr} := 0x0 {const-unsigned-char literal}
                      00220 ;       .line   54; "temp.c"    CMPCR = 0;
0023   18??           00221         CLRF    _CMPCR
                      00222 ;;[ICODE] temp.c:57:    iTemp16 [k30 lr30:32 so:0]{ ia0 a2p0 re0 rm1 nos0 ru0 dp0}{volatile-unsigned-bit
                            field {4,1} near* fixed}[remat] = &[_CMPCRbits [k27 lr0:0 so:0]{ ia0 a2p0 re0 rm0 nos0 ru0 dp0}{volatile
                            -struct __00000056 fixed} , 0x0 {const-unsigned-char literal}]
                      00223 ;;[ICODE] temp.c:57:    *(iTemp16 [k30 lr30:32 so:0]{ ia1 a2p0 re0 rm1 nos0 ru0 dp0}{volatile-unsigned-b
                            itfield {4,1} near* fixed}[remat]) := 0x0 {const-unsigned-char literal}
                      00224 ;       .line   57; "temp.c"    LVDM = 0;               
0024   3E??           00225         BCF     _CMPCRbits,4
                      00226 ;;[ICODE] temp.c:58:    iTemp18 [k34 lr33:35 so:0]{ ia0 a2p0 re0 rm1 nos0 ru0 dp0}{volatile-unsigned-bit
                            field {0,1} near* fixed}[remat] = &[_PCONbits [k31 lr0:0 so:0]{ ia0 a2p0 re0 rm0 nos0 ru0 dp0}{volatile-
                            struct __00000006 fixed} , 0x0 {const-unsigned-char literal}]
                      00227 ;;[ICODE] temp.c:58:    *(iTemp18 [k34 lr33:35 so:0]{ ia1 a2p0 re0 rm1 nos0 ru0 dp0}{volatile-unsigned-b
                            itfield {0,1} near* fixed}[remat]) := 0x0 {const-unsigned-char literal}
gpasm-1.5.0 #1284 (Oct 14 2022)      temp.asm   05/15/25  15:35:48          PAGE  6


LOC    OBJECT CODE    LINE  SOURCE TEXT
  VALUE

                      00228 ;       .line   58; "temp.c"    CMPEN = 0;
0025   3C??           00229         BCF     _PCONbits,0
                      00230 ;;[ICODE] temp.c:59:    iTemp20 [k37 lr36:38 so:0]{ ia0 a2p0 re0 rm1 nos0 ru0 dp0}{volatile-unsigned-bit
                            field {5,1} near* fixed}[remat] = &[_PCONbits [k31 lr0:0 so:0]{ ia0 a2p0 re0 rm0 nos0 ru0 dp0}{volatile-
                            struct __00000006 fixed} , 0x0 {const-unsigned-char literal}]
                      00231 ;;[ICODE] temp.c:59:    *(iTemp20 [k37 lr36:38 so:0]{ ia1 a2p0 re0 rm1 nos0 ru0 dp0}{volatile-unsigned-b
                            itfield {5,1} near* fixed}[remat]) := 0x0 {const-unsigned-char literal}
                      00232 ;       .line   59; "temp.c"    CMPOF = 0;
0026   3E??           00233         BCF     _PCONbits,5
                      00234 ;;[ICODE] temp.c:60:    iTemp22 [k41 lr39:41 so:0]{ ia0 a2p0 re0 rm1 nos0 ru0 dp0}{volatile-unsigned-bit
                            field {6,1} near* fixed}[remat] = &[_CHARGE1bits [k38 lr0:0 so:0]{ ia0 a2p0 re0 rm0 nos0 ru0 dp0}{volati
                            le-struct __00000065 fixed} , 0x0 {const-unsigned-char literal}]
                      00235 ;;[ICODE] temp.c:60:    *(iTemp22 [k41 lr39:41 so:0]{ ia1 a2p0 re0 rm1 nos0 ru0 dp0}{volatile-unsigned-b
                            itfield {6,1} near* fixed}[remat]) := 0x0 {const-unsigned-char literal}
                      00236 ;       .line   60; "temp.c"    TEMPEN = 0;
0027   3F??           00237         BCF     _CHARGE1bits,6
                      00238 ;;[ICODE] temp.c:61:    iTemp24 [k45 lr42:44 so:0]{ ia0 a2p0 re0 rm1 nos0 ru0 dp0}{volatile-unsigned-bit
                            field {4,1} near* fixed}[remat] = &[_INTFLAGbits [k42 lr0:0 so:0]{ ia0 a2p0 re0 rm0 nos0 ru0 dp0}{volati
                            le-struct __00000027 fixed} , 0x0 {const-unsigned-char literal}]
                      00239 ;;[ICODE] temp.c:61:    *(iTemp24 [k45 lr42:44 so:0]{ ia1 a2p0 re0 rm1 nos0 ru0 dp0}{volatile-unsigned-b
                            itfield {4,1} near* fixed}[remat]) := 0x0 {const-unsigned-char literal}
                      00240 ;       .line   61; "temp.c"    TMPF = 0;
0028   3E??           00241         BCF     _INTFLAGbits,4
                      00242 ;;[ICODE] temp.c:62:    iTemp26 [k49 lr45:47 so:0]{ ia0 a2p0 re0 rm1 nos0 ru0 dp0}{volatile-unsigned-bit
                            field {7,1} near* fixed}[remat] = &[_RAMPbits [k46 lr0:0 so:0]{ ia0 a2p0 re0 rm0 nos0 ru0 dp0}{volatile-
                            struct __00000070 fixed} , 0x0 {const-unsigned-char literal}]
                      00243 ;;[ICODE] temp.c:62:    *(iTemp26 [k49 lr45:47 so:0]{ ia1 a2p0 re0 rm1 nos0 ru0 dp0}{volatile-unsigned-b
                            itfield {7,1} near* fixed}[remat]) := 0x0 {const-unsigned-char literal}
                      00244 ;       .line   62; "temp.c"    MODSEL = 0;
0029   3F??           00245         BCF     _RAMPbits,7
                      00246 ;;[ICODE] temp.c:64:    iTemp28 [k52 lr48:50 so:0]{ ia0 a2p0 re0 rm1 nos0 ru0 dp0}{volatile-unsigned-bit
                            field {7,1} near* fixed}[remat] = &[_PCONbits [k31 lr0:0 so:0]{ ia0 a2p0 re0 rm0 nos0 ru0 dp0}{volatile-
                            struct __00000006 fixed} , 0x0 {const-unsigned-char literal}]
                      00247 ;;[ICODE] temp.c:64:    *(iTemp28 [k52 lr48:50 so:0]{ ia1 a2p0 re0 rm1 nos0 ru0 dp0}{volatile-unsigned-b
                            itfield {7,1} near* fixed}[remat]) := 0x0 {const-unsigned-char literal}
                      00248 ;       .line   64; "temp.c"    WDTEN = 0;
002A   3F??           00249         BCF     _PCONbits,7
                      00250 ;;[ICODE] temp.c:65:    iTemp30 [k56 lr51:53 so:0]{ ia0 a2p0 re0 rm1 nos0 ru0 dp0}{volatile-unsigned-bit
                            field {0,1} near* fixed}[remat] = &[_INTECONbits [k53 lr0:0 so:0]{ ia0 a2p0 re0 rm0 nos0 ru0 dp0}{volati
                            le-struct __00000024 fixed} , 0x0 {const-unsigned-char literal}]
                      00251 ;;[ICODE] temp.c:65:    *(iTemp30 [k56 lr51:53 so:0]{ ia1 a2p0 re0 rm1 nos0 ru0 dp0}{volatile-unsigned-b
                            itfield {0,1} near* fixed}[remat]) := 0x0 {const-unsigned-char literal}
                      00252 ;       .line   65; "temp.c"    T0IE = 0;
002B   3C??           00253         BCF     _INTECONbits,0
                      00254 ;;[ICODE] temp.c:67:    _INTECON [k57 lr0:0 so:0]{ ia1 a2p0 re0 rm0 nos0 ru0 dp0}{volatile-unsigned-char
                             sfr} := 0x0 {const-unsigned-char literal}
                      00255 ;       .line   67; "temp.c"    INTECON = 0;
002C   18??           00256         CLRF    _INTECON
                      00257 ;;[ICODE] temp.c:69:    _PORTB [k58 lr0:0 so:0]{ ia1 a2p0 re0 rm0 nos0 ru0 dp0}{volatile-unsigned-char s
                            fr} := 0x0 {const-unsigned-char literal}
                      00258 ;       .line   69; "temp.c"    PORTB = 0;  // 0 disenable output, 1 enable output
002D   18??           00259         CLRF    _PORTB
                      00260 ;;[ICODE] temp.c:70:    _TRISB [k59 lr0:0 so:0]{ ia1 a2p0 re0 rm0 nos0 ru0 dp0}{volatile-unsigned-char s
gpasm-1.5.0 #1284 (Oct 14 2022)      temp.asm   05/15/25  15:35:48          PAGE  7


LOC    OBJECT CODE    LINE  SOURCE TEXT
  VALUE

                            fr} := 0xff {const-unsigned-char literal}
                      00261 ;       .line   70; "temp.c"    TRISB = 0xff;    //1：input  0:output
002E   04FF           00262         MOVLW   0xff
002F   19??           00263         MOVWF   _TRISB
                      00264 ;;[ICODE] temp.c:73:    _PDCON [k60 lr0:0 so:0]{ ia1 a2p0 re0 rm0 nos0 ru0 dp0}{volatile-unsigned-char s
                            fr} := 0xff {const-unsigned-char literal}
                      00265 ;       .line   73; "temp.c"    PDCON = 0xFF;  // 1 disenable down pull ,0 enable down pull
0030   04FF           00266         MOVLW   0xff
0031   19??           00267         MOVWF   _PDCON
                      00268 ;;[ICODE] temp.c:74:    _PDCON1 [k61 lr0:0 so:0]{ ia1 a2p0 re0 rm0 nos0 ru0 dp0}{volatile-unsigned-char 
                            sfr} := 0xff {const-unsigned-char literal}
                      00269 ;       .line   74; "temp.c"    PDCON1 = 0xFF; // 1 disenable down pull ,0 enable down pull
0032   04FF           00270         MOVLW   0xff
0033   19??           00271         MOVWF   _PDCON1
                      00272 ;;[ICODE] temp.c:77:    _PHCON [k62 lr0:0 so:0]{ ia1 a2p0 re0 rm0 nos0 ru0 dp0}{volatile-unsigned-char s
                            fr} := 0xff {const-unsigned-char literal}
                      00273 ;       .line   77; "temp.c"    PHCON = 0XFF;  // 1 disenable high pull ,0 enable high pull
0034   04FF           00274         MOVLW   0xff
0035   19??           00275         MOVWF   _PHCON
                      00276 ;;[ICODE] temp.c:79:    _PHCON [k62 lr0:0 so:0]{ ia1 a2p0 re0 rm0 nos0 ru0 dp0}{volatile-unsigned-char s
                            fr} = _PHCON [k62 lr0:0 so:0]{ ia0 a2p0 re0 rm0 nos0 ru0 dp0}{volatile-unsigned-char sfr} & 0xfb {const-
                            unsigned-char literal}
                      00277 ;       .line   79; "temp.c"    PHCON &= DEF_CLR_BIT2;
0036   3D??           00278         BCF     _PHCON,2
                      00279 ;;[ICODE] temp.c:80:    _PHCON [k62 lr0:0 so:0]{ ia1 a2p0 re0 rm0 nos0 ru0 dp0}{volatile-unsigned-char s
                            fr} = _PHCON [k62 lr0:0 so:0]{ ia0 a2p0 re0 rm0 nos0 ru0 dp0}{volatile-unsigned-char sfr} & 0xef {const-
                            unsigned-char literal}
                      00280 ;       .line   80; "temp.c"    PHCON &= DEF_CLR_BIT4;
0037   3E??           00281         BCF     _PHCON,4
                      00282 ;;[ICODE] temp.c:82:    _IOCB [k65 lr0:0 so:0]{ ia1 a2p0 re0 rm0 nos0 ru0 dp0}{volatile-unsigned-char sf
                            r} := 0x0 {const-unsigned-char literal}
                      00283 ;       .line   82; "temp.c"    IOCB = 0X00; // 0 disenable weak up     ,1 enable weak up
0038   18??           00284         CLRF    _IOCB
                      00285 ;;[ICODE] temp.c:83:    _IOCB [k65 lr0:0 so:0]{ ia1 a2p0 re0 rm0 nos0 ru0 dp0}{volatile-unsigned-char sf
                            r} = _IOCB [k65 lr0:0 so:0]{ ia0 a2p0 re0 rm0 nos0 ru0 dp0}{volatile-unsigned-char sfr} | 0x4 {const-uns
                            igned-char literal}
                      00286 ;       .line   83; "temp.c"    IOCB |= DEF_SET_BIT2;
0039   39??           00287         BSF     _IOCB,2
                      00288 ;;[ICODE] temp.c:84:    _IOCB [k65 lr0:0 so:0]{ ia1 a2p0 re0 rm0 nos0 ru0 dp0}{volatile-unsigned-char sf
                            r} = _IOCB [k65 lr0:0 so:0]{ ia0 a2p0 re0 rm0 nos0 ru0 dp0}{volatile-unsigned-char sfr} | 0x10 {const-un
                            signed-char literal}
                      00289 ;       .line   84; "temp.c"    IOCB |= DEF_SET_BIT4;
003A   3A??           00290         BSF     _IOCB,4
                      00291 ;;[ICODE] temp.c:90: inline
003B   1106           00292         movf    PORTB,W
                      00293         
                      00294 ;;[ICODE] temp.c:92:    iTemp36 [k70 lr70:72 so:0]{ ia0 a2p0 re0 rm1 nos0 ru0 dp0}{volatile-unsigned-bit
                            field {1,1} near* fixed}[remat] = &[_INTFLAGbits [k42 lr0:0 so:0]{ ia0 a2p0 re0 rm0 nos0 ru0 dp0}{volati
                            le-struct __00000027 fixed} , 0x0 {const-unsigned-char literal}]
                      00295 ;;[ICODE] temp.c:92:    *(iTemp36 [k70 lr70:72 so:0]{ ia1 a2p0 re0 rm1 nos0 ru0 dp0}{volatile-unsigned-b
                            itfield {1,1} near* fixed}[remat]) := 0x0 {const-unsigned-char literal}
                      00296 ;       .line   92; "temp.c"    PBIF = 0;
003C   3C??           00297         BCF     _INTFLAGbits,1
gpasm-1.5.0 #1284 (Oct 14 2022)      temp.asm   05/15/25  15:35:48          PAGE  8


LOC    OBJECT CODE    LINE  SOURCE TEXT
  VALUE

                      00298 ;;[ICODE] temp.c:93:    iTemp38 [k73 lr73:75 so:0]{ ia0 a2p0 re0 rm1 nos0 ru0 dp0}{volatile-unsigned-bit
                            field {1,1} near* fixed}[remat] = &[_INTECONbits [k53 lr0:0 so:0]{ ia0 a2p0 re0 rm0 nos0 ru0 dp0}{volati
                            le-struct __00000024 fixed} , 0x0 {const-unsigned-char literal}]
                      00299 ;;[ICODE] temp.c:93:    *(iTemp38 [k73 lr73:75 so:0]{ ia1 a2p0 re0 rm1 nos0 ru0 dp0}{volatile-unsigned-b
                            itfield {1,1} near* fixed}[remat]) := 0x1 {const-unsigned-char literal}
                      00300 ;       .line   93; "temp.c"    PBIE = 1;// 0   disenable Port level change interrupt , 1 enable Port le
                            vel change interrupt
003D   38??           00301         BSF     _INTECONbits,1
                      00302 ;;[ICODE] temp.c:94:    iTemp40 [k76 lr76:78 so:0]{ ia0 a2p0 re0 rm1 nos0 ru0 dp0}{volatile-unsigned-bit
                            field {7,1} near* fixed}[remat] = &[_INTECONbits [k53 lr0:0 so:0]{ ia0 a2p0 re0 rm0 nos0 ru0 dp0}{volati
                            le-struct __00000024 fixed} , 0x0 {const-unsigned-char literal}]
                      00303 ;;[ICODE] temp.c:94:    *(iTemp40 [k76 lr76:78 so:0]{ ia1 a2p0 re0 rm1 nos0 ru0 dp0}{volatile-unsigned-b
                            itfield {7,1} near* fixed}[remat]) := 0x0 {const-unsigned-char literal}
                      00304 ;       .line   94; "temp.c"    GIE = 0;
003E   3F??           00305         BCF     _INTECONbits,7
                      00306 ;;[ICODE] temp.c:102: inline
003F   0003           00307         SLEEP
0040   0000           00308         nop
0041   0000           00309         nop
0042   0000           00310         nop
0043   0000           00311         nop
                      00312         
                      00313 ;;[ICODE] temp.c:106: inline
0044   1106           00314         movf    PORTB,W
                      00315         
                      00316 ;;[ICODE] temp.c:108:   iTemp42 [k79 lr81:83 so:0]{ ia0 a2p0 re0 rm1 nos0 ru0 dp0}{volatile-unsigned-bit
                            field {1,1} near* fixed}[remat] = &[_INTECONbits [k53 lr0:0 so:0]{ ia0 a2p0 re0 rm0 nos0 ru0 dp0}{volati
                            le-struct __00000024 fixed} , 0x0 {const-unsigned-char literal}]
                      00317 ;;[ICODE] temp.c:108:   *(iTemp42 [k79 lr81:83 so:0]{ ia1 a2p0 re0 rm1 nos0 ru0 dp0}{volatile-unsigned-b
                            itfield {1,1} near* fixed}[remat]) := 0x0 {const-unsigned-char literal}
                      00318 ;       .line   108; "temp.c"   PBIE = 0;
0045   3C??           00319         BCF     _INTECONbits,1
                      00320 ;;[ICODE] temp.c:109:   _IOCB [k65 lr0:0 so:0]{ ia1 a2p0 re0 rm0 nos0 ru0 dp0}{volatile-unsigned-char sf
                            r} := 0x0 {const-unsigned-char literal}
                      00321 ;       .line   109; "temp.c"   IOCB = 0;
0046   18??           00322         CLRF    _IOCB
                      00323 ;;[ICODE] temp.c:110:   iTemp44 [k82 lr85:87 so:0]{ ia0 a2p0 re0 rm1 nos0 ru0 dp0}{volatile-unsigned-bit
                            field {4,1} near* fixed}[remat] = &[_CMPCRbits [k27 lr0:0 so:0]{ ia0 a2p0 re0 rm0 nos0 ru0 dp0}{volatile
                            -struct __00000056 fixed} , 0x0 {const-unsigned-char literal}]
                      00324 ;;[ICODE] temp.c:110:   *(iTemp44 [k82 lr85:87 so:0]{ ia1 a2p0 re0 rm1 nos0 ru0 dp0}{volatile-unsigned-b
                            itfield {4,1} near* fixed}[remat]) := 0x1 {const-unsigned-char literal}
                      00325 ;       .line   110; "temp.c"   LVDM = 1;
0047   3A??           00326         BSF     _CMPCRbits,4
                      00327 ;;[ICODE] temp.c:111: inline
0048   0004           00328         clrwdt
                      00329 ;;[ICODE] temp.c:112:   iTemp46 [k85 lr89:91 so:0]{ ia0 a2p0 re0 rm1 nos0 ru0 dp0}{volatile-unsigned-bit
                            field {7,1} near* fixed}[remat] = &[_PCONbits [k31 lr0:0 so:0]{ ia0 a2p0 re0 rm0 nos0 ru0 dp0}{volatile-
                            struct __00000006 fixed} , 0x0 {const-unsigned-char literal}]
                      00330 ;;[ICODE] temp.c:112:   *(iTemp46 [k85 lr89:91 so:0]{ ia1 a2p0 re0 rm1 nos0 ru0 dp0}{volatile-unsigned-b
                            itfield {7,1} near* fixed}[remat]) := 0x1 {const-unsigned-char literal}
                      00331 ;       .line   112; "temp.c"   WDTEN = 1;
0049   3B??           00332         BSF     _PCONbits,7
                      00333 ;;[ICODE] temp.c:113:   iTemp48 [k88 lr92:94 so:0]{ ia0 a2p0 re0 rm1 nos0 ru0 dp0}{volatile-unsigned-bit
gpasm-1.5.0 #1284 (Oct 14 2022)      temp.asm   05/15/25  15:35:48          PAGE  9


LOC    OBJECT CODE    LINE  SOURCE TEXT
  VALUE

                            field {7,1} near* fixed}[remat] = &[_INTECONbits [k53 lr0:0 so:0]{ ia0 a2p0 re0 rm0 nos0 ru0 dp0}{volati
                            le-struct __00000024 fixed} , 0x0 {const-unsigned-char literal}]
                      00334 ;;[ICODE] temp.c:113:   *(iTemp48 [k88 lr92:94 so:0]{ ia1 a2p0 re0 rm1 nos0 ru0 dp0}{volatile-unsigned-b
                            itfield {7,1} near* fixed}[remat]) := 0x1 {const-unsigned-char literal}
                      00335 ;       .line   113; "temp.c"   GIE = 1;
004A   3B??           00336         BSF     _INTECONbits,7
                      00337 ;;[ICODE] temp.c:114:   iTemp50 [k91 lr95:97 so:0]{ ia0 a2p0 re0 rm1 nos0 ru0 dp0}{volatile-unsigned-bit
                            field {0,1} near* fixed}[remat] = &[_INTECONbits [k53 lr0:0 so:0]{ ia0 a2p0 re0 rm0 nos0 ru0 dp0}{volati
                            le-struct __00000024 fixed} , 0x0 {const-unsigned-char literal}]
                      00338 ;;[ICODE] temp.c:114:   *(iTemp50 [k91 lr95:97 so:0]{ ia1 a2p0 re0 rm1 nos0 ru0 dp0}{volatile-unsigned-b
                            itfield {0,1} near* fixed}[remat]) := 0x1 {const-unsigned-char literal}
                      00339 ;       .line   114; "temp.c"   T0IE = 1;
004B   38??           00340         BSF     _INTECONbits,0
                      00341 ;;[ICODE] temp.c:116:   iTemp51 [k93 lr98:98 so:0]{ ia0 a2p0 re0 rm0 nos0 ru0 dp0}{void fixed} = call _I
                            nitPort [k92 lr0:0 so:0]{ ia0 a2p0 re0 rm0 nos0 ru0 dp0}{void function ( ) fixed}
                      00342 ;       .line   116; "temp.c"   InitPort();
004C   2???           00343         CALL    _InitPort
                      00344 ;;[ICODE] temp.c:136:   iTemp53 [k96 lr99:101 so:0]{ ia0 a2p0 re0 rm1 nos0 ru0 dp0}{volatile-unsigned-bi
                            tfield {7,1} near* fixed}[remat] = &[_RAMPbits [k46 lr0:0 so:0]{ ia0 a2p0 re0 rm0 nos0 ru0 dp0}{volatile
                            -struct __00000070 fixed} , 0x0 {const-unsigned-char literal}]
                      00345 ;;[ICODE] temp.c:136:   *(iTemp53 [k96 lr99:101 so:0]{ ia1 a2p0 re0 rm1 nos0 ru0 dp0}{volatile-unsigned-
                            bitfield {7,1} near* fixed}[remat]) := 0x1 {const-unsigned-char literal}
                      00346 ;       .line   136; "temp.c"   MODSEL = 1;
004D   3B??           00347         BSF     _RAMPbits,7
                      00348 ;;[ICODE] temp.c:137:   _SleepCount [k15 lr0:0 so:0]{ ia1 a2p0 re0 rm0 nos0 ru0 dp0}{unsigned-int fixed}
                             := 0x0 {unsigned-int literal}
                      00349 ;       .line   137; "temp.c"   SleepCount = 0;
004E   18??           00350         CLRF    _SleepCount
004F   18??           00351         CLRF    (_SleepCount + 1)
                      00352 ;;[ICODE] temp.c:137:  _return($6) :
                      00353 ;;[ICODE] temp.c:137:   eproc _CheckSleep [k1 lr0:0 so:0]{ ia0 a2p0 re0 rm0 nos0 ru0 dp0}{void function 
                            ( ) fixed}
0050                  00354 _00119_DS_:
0050   0002           00355         RETURN  
                      00356 ; exit point of _CheckSleep
                      00357 
                      00358 ;***
                      00359 ;  pBlock Stats: dbName = C
                      00360 ;***
                      00361 ;has an exit
                      00362 ;functions called:
                      00363 ;   _DelayMs
                      00364 ;   _DelayMs
                      00365 ;; Starting pCode block
                      00366 ;;[ICODE] temp.c:7:  _entry($7) :
                      00367 ;;[ICODE] temp.c:7:     proc _CheckTemp [k1 lr0:0 so:0]{ ia0 a2p0 re0 rm0 nos0 ru0 dp0}{void function ( 
                            ) fixed}
                      00368 S_temp__CheckTemp       code
0000                  00369 _CheckTemp:
                      00370 ; 2 exit points
                      00371 ;;[ICODE] temp.c:9:     iTemp1 [k5 lr3:5 so:0]{ ia0 a2p0 re0 rm1 nos0 ru0 dp0}{volatile-unsigned-bitfiel
                            d {6,1} near* fixed}[remat] = &[_CHARGE1bits [k2 lr0:0 so:0]{ ia0 a2p0 re0 rm0 nos0 ru0 dp0}{volatile-st
                            ruct __00000065 fixed} , 0x0 {const-unsigned-char literal}]
gpasm-1.5.0 #1284 (Oct 14 2022)      temp.asm   05/15/25  15:35:48          PAGE 10


LOC    OBJECT CODE    LINE  SOURCE TEXT
  VALUE

                      00372 ;;[ICODE] temp.c:9:     *(iTemp1 [k5 lr3:5 so:0]{ ia1 a2p0 re0 rm1 nos0 ru0 dp0}{volatile-unsigned-bitfi
                            eld {6,1} near* fixed}[remat]) := 0x1 {const-unsigned-char literal}
                      00373 ;       .line   9; "temp.c"     TEMPEN = 1;
0000   3B??           00374         BSF     _CHARGE1bits,6
                      00375 ;;[ICODE] temp.c:10:    iTemp2 [k7 lr6:6 so:0]{ ia0 a2p0 re0 rm0 nos0 ru0 dp0}{void fixed} = call _Delay
                            Ms [k6 lr0:0 so:0]{ ia0 a2p0 re0 rm0 nos0 ru0 dp0}{void function ( ) fixed}
                      00376 ;       .line   10; "temp.c"    DelayMs();
0001   2???           00377         CALL    _DelayMs
                      00378 ;;[ICODE] temp.c:11:    iTemp4 [k11 lr7:9 so:0]{ ia0 a2p0 re0 rm1 nos0 ru0 dp0}{volatile-unsigned-bitfie
                            ld {4,1} near* fixed}[remat] = &[_INTFLAGbits [k8 lr0:0 so:0]{ ia0 a2p0 re0 rm0 nos0 ru0 dp0}{volatile-s
                            truct __00000027 fixed} , 0x0 {const-unsigned-char literal}]
                      00379 ;;[ICODE] temp.c:11:    iTemp5 [k12 lr9:10 so:0]{ ia0 a2p0 re0 rm0 nos0 ru0 dp0}{volatile-unsigned-bitfi
                            eld {4,1} fixed}[r0x1047 ] = @[iTemp4 [k11 lr7:9 so:0]{ ia1 a2p0 re0 rm1 nos0 ru0 dp0}{volatile-unsigned
                            -bitfield {4,1} near* fixed}[remat] + 0x0 {const-unsigned-char literal}]
                      00380 ;       .line   11; "temp.c"    if(TMPF == 0)
0002   36??           00381         BTFSC   _INTFLAGbits,4
0003   2???           00382         GOTO    _00106_DS_
                      00383 ;;[ICODE] temp.c:11:    if iTemp5 [k12 lr9:10 so:0]{ ia0 a2p0 re0 rm0 nos0 ru0 dp0}{volatile-unsigned-bi
                            tfield {4,1} fixed}[r0x1047 ] != 0 goto __iffalse_0($2)
                      00384 ;;[ICODE] temp.c:13:    _TempCount [k13 lr0:0 so:0]{ ia1 a2p0 re0 rm0 nos0 ru0 dp0}{unsigned-char fixed}
                             := 0x0 {const-unsigned-char literal}
                      00385 ;       .line   13; "temp.c"    TempCount = 0;
0004   18??           00386         CLRF    _TempCount
                      00387 ;;[ICODE] temp.c:14:    _TempFlag [k15 lr0:0 so:0]{ ia1 a2p0 re0 rm0 nos0 ru0 dp0}{unsigned-char fixed} 
                            := 0x0 {const-unsigned-char literal}
                      00388 ;       .line   14; "temp.c"    TempFlag = 0;
0005   18??           00389         CLRF    _TempFlag
                      00390 ;;[ICODE] temp.c:14:     goto __ifend_0($3)
0006   2???           00391         GOTO    _00107_DS_
                      00392 ;;[ICODE] temp.c:14:  __iffalse_0($2) :
                      00393 ;;[ICODE] temp.c:18:    _TempCount [k13 lr0:0 so:0]{ ia1 a2p0 re0 rm0 nos0 ru0 dp0}{unsigned-char fixed}
                             = _TempCount [k13 lr0:0 so:0]{ ia1 a2p0 re0 rm0 nos0 ru0 dp0}{unsigned-char fixed} + 0x1 {const-unsigne
                            d-char literal}
0007                  00394 _00106_DS_:
                      00395 ;       .line   18; "temp.c"    TempCount++;
0007   13??           00396         INCF    _TempCount,F
                      00397 ;;[ICODE] temp.c:18:  __ifend_0($3) :
                      00398 ;;[ICODE] temp.c:21:    iTemp11 [k20 lr18:19 so:0]{ ia0 a2p0 re0 rm0 nos0 ru0 dp0}{char fixed} = 0x5 {co
                            nst-unsigned-char literal} == _TempCount [k13 lr0:0 so:0]{ ia0 a2p0 re0 rm0 nos0 ru0 dp0}{unsigned-char 
                            fixed}
0008                  00399 _00107_DS_:
                      00400 ;       .line   21; "temp.c"    if(5 == TempCount)
0008   11??           00401         MOVF    _TempCount,W
0009   0D05           00402         XORLW   0x05
000A   3103           00403         BTFSS   STATUS,2
000B   2???           00404         GOTO    _00109_DS_
                      00405 ;;[ICODE] temp.c:21:    if iTemp11 [k20 lr18:19 so:0]{ ia0 a2p0 re0 rm0 nos0 ru0 dp0}{char fixed} == 0 g
                            oto __iffalse_1($5)
                      00406 ;;[ICODE] temp.c:23:    _TempFlag [k15 lr0:0 so:0]{ ia1 a2p0 re0 rm0 nos0 ru0 dp0}{unsigned-char fixed} 
                            := 0x1 {const-unsigned-char literal}
                      00407 ;       .line   23; "temp.c"    TempFlag = 1;
000C   0401           00408         MOVLW   0x01
000D   19??           00409         MOVWF   _TempFlag
gpasm-1.5.0 #1284 (Oct 14 2022)      temp.asm   05/15/25  15:35:48          PAGE 11


LOC    OBJECT CODE    LINE  SOURCE TEXT
  VALUE

                      00410 ;;[ICODE] temp.c:23:  __iffalse_1($5) :
                      00411 ;;[ICODE] temp.c:26:    iTemp14 [k24 lr22:24 so:0]{ ia0 a2p0 re0 rm1 nos0 ru0 dp0}{volatile-unsigned-bit
                            field {6,1} near* fixed}[remat] = &[_CHARGE1bits [k2 lr0:0 so:0]{ ia0 a2p0 re0 rm0 nos0 ru0 dp0}{volatil
                            e-struct __00000065 fixed} , 0x0 {const-unsigned-char literal}]
                      00412 ;;[ICODE] temp.c:26:    *(iTemp14 [k24 lr22:24 so:0]{ ia1 a2p0 re0 rm1 nos0 ru0 dp0}{volatile-unsigned-b
                            itfield {6,1} near* fixed}[remat]) := 0x0 {const-unsigned-char literal}
000E                  00413 _00109_DS_:
                      00414 ;       .line   26; "temp.c"    TEMPEN = 0;
000E   3F??           00415         BCF     _CHARGE1bits,6
                      00416 ;;[ICODE] temp.c:27:    iTemp16 [k27 lr25:27 so:0]{ ia0 a2p0 re0 rm1 nos0 ru0 dp0}{volatile-unsigned-bit
                            field {4,1} near* fixed}[remat] = &[_INTFLAGbits [k8 lr0:0 so:0]{ ia0 a2p0 re0 rm0 nos0 ru0 dp0}{volatil
                            e-struct __00000027 fixed} , 0x0 {const-unsigned-char literal}]
                      00417 ;;[ICODE] temp.c:27:    *(iTemp16 [k27 lr25:27 so:0]{ ia1 a2p0 re0 rm1 nos0 ru0 dp0}{volatile-unsigned-b
                            itfield {4,1} near* fixed}[remat]) := 0x0 {const-unsigned-char literal}
                      00418 ;       .line   27; "temp.c"    TMPF = 0;
000F   3E??           00419         BCF     _INTFLAGbits,4
                      00420 ;;[ICODE] temp.c:27:  _return($6) :
                      00421 ;;[ICODE] temp.c:27:    eproc _CheckTemp [k1 lr0:0 so:0]{ ia0 a2p0 re0 rm0 nos0 ru0 dp0}{void function (
                             ) fixed}
0010   0002           00422         RETURN  
                      00423 ; exit point of _CheckTemp
                      00424 
                      00425 
                      00426 ;       code size estimation:
                      00427 ;          90+    0 =    90 instructions (  180 byte)
                      00428 
                      00429         end
gpasm-1.5.0 #1284 (Oct 14 2022)      temp.asm   05/15/25  15:35:48          PAGE 12


SYMBOL TABLE
  LABEL                              TYPE        VALUE         VALUE          VALUE
                                                 (hex)         (dec)          (text)

AUXR                              CONSTANT      00000059             89
BOR                               CONSTANT      00000006              6
BUZ                               CONSTANT      00000005              5
C                                 CONSTANT      00000000              0
CHARE                             CONSTANT      00000005              5
CHARF                             CONSTANT      00000005              5
CHARGE0                           CONSTANT      00000053             83
CHARGE1                           CONSTANT      00000054             84
CHARGEN                           CONSTANT      00000007              7
CMPCR                             CONSTANT      00000051             81
CMPEN                             CONSTANT      00000000              0
CMPF                              CONSTANT      00000003              3
CMPIE                             CONSTANT      00000002              2
CMPIES                            CONSTANT      00000001              1
CMPOF                             CONSTANT      00000005              5
CMPWK                             CONSTANT      00000003              3
CPNIS0                            CONSTANT      00000001              1
CPNIS1                            CONSTANT      00000002              2
CPNIS2                            CONSTANT      00000003              3
CPNIS3                            CONSTANT      00000004              4
CPPIS                             CONSTANT      00000000              0
DC                                CONSTANT      00000001              1
EIS                               CONSTANT      00000006              6
F                                 CONSTANT      00000001              1
FSR                               CONSTANT      00000004              4
GIE                               CONSTANT      00000007              7
GP0                               CONSTANT      00000005              5
GP1                               CONSTANT      00000006              6
GPR                               CONSTANT      00000007              7
HIRCTRM                           CONSTANT      0000005B             91
HXEN                              CONSTANT      00000001              1
INDF                              CONSTANT      00000000              0
INTE                              CONSTANT      00000002              2
INTECON                           CONSTANT      0000000E             14
INTEDG                            CONSTANT      00000006              6
INTF                              CONSTANT      00000002              2
INTFLAG                           CONSTANT      0000000F             15
IOCB                              CONSTANT      00000009              9
IOCB0                             CONSTANT      00000000              0
IOCB1                             CONSTANT      00000001              1
IOCB2                             CONSTANT      00000002              2
IOCB3                             CONSTANT      00000003              3
IOCB4                             CONSTANT      00000004              4
IOCB5                             CONSTANT      00000005              5
IOCB6                             CONSTANT      00000006              6
IOCB7                             CONSTANT      00000007              7
LVDM                              CONSTANT      00000004              4
MODSEL                            CONSTANT      00000007              7
ODB0                              CONSTANT      00000000              0
ODB1                              CONSTANT      00000001              1
ODB2                              CONSTANT      00000002              2
ODB3                              CONSTANT      00000003              3
gpasm-1.5.0 #1284 (Oct 14 2022)      temp.asm   05/15/25  15:35:48          PAGE 13


SYMBOL TABLE
  LABEL                              TYPE        VALUE         VALUE          VALUE
                                                 (hex)         (dec)          (text)

ODB4                              CONSTANT      00000004              4
ODB5                              CONSTANT      00000005              5
ODB6                              CONSTANT      00000006              6
ODB7                              CONSTANT      00000007              7
ODCON                             CONSTANT      0000000C             12
OPTION                            CONSTANT      00000041             65
OSCCON                            CONSTANT      00000050             80
PBIE                              CONSTANT      00000001              1
PBIF                              CONSTANT      00000001              1
PCL                               CONSTANT      00000002              2
PCLATH                            CONSTANT      0000000A             10
PCON                              CONSTANT      00000008              8
PD                                CONSTANT      00000003              3
PDB0                              CONSTANT      00000004              4
PDB1                              CONSTANT      00000005              5
PDB2                              CONSTANT      00000006              6
PDB3                              CONSTANT      00000003              3
PDB4                              CONSTANT      00000004              4
PDB5                              CONSTANT      00000005              5
PDB6                              CONSTANT      00000006              6
PDB7                              CONSTANT      00000007              7
PDCON                             CONSTANT      0000000B             11
PDCON1                            CONSTANT      00000052             82
PHB0                              CONSTANT      00000000              0
PHB1                              CONSTANT      00000001              1
PHB2                              CONSTANT      00000002              2
PHB3                              CONSTANT      00000003              3
PHB4                              CONSTANT      00000004              4
PHB5                              CONSTANT      00000005              5
PHB6                              CONSTANT      00000006              6
PHB7                              CONSTANT      00000007              7
PHCON                             CONSTANT      0000000D             13
POR                               CONSTANT      00000007              7
PORTB                             CONSTANT      00000006              6
PORTB0                            CONSTANT      00000000              0
PORTB1                            CONSTANT      00000001              1
PORTB2                            CONSTANT      00000002              2
PORTB3                            CONSTANT      00000003              3
PORTB4                            CONSTANT      00000004              4
PORTB5                            CONSTANT      00000005              5
PORTB6                            CONSTANT      00000006              6
PORTB7                            CONSTANT      00000007              7
PS0                               CONSTANT      00000000              0
PS1                               CONSTANT      00000001              1
PS2                               CONSTANT      00000002              2
PSA                               CONSTANT      00000003              3
PSAVE                             EXTERNAL      00000000              0
PWM0E                             CONSTANT      00000006              6
PWM0OE                            CONSTANT      00000007              7
PWM0P                             CONSTANT      0000004F             79
PWM1E                             CONSTANT      00000001              1
PWM1OE                            CONSTANT      00000006              6
gpasm-1.5.0 #1284 (Oct 14 2022)      temp.asm   05/15/25  15:35:48          PAGE 14


SYMBOL TABLE
  LABEL                              TYPE        VALUE         VALUE          VALUE
                                                 (hex)         (dec)          (text)

PWM1P                             CONSTANT      00000049             73
PWM2E                             CONSTANT      00000000              0
PWM2OE                            CONSTANT      00000005              5
PWM2P                             CONSTANT      0000004A             74
PWM3CT                            CONSTANT      00000001              1
PWMCK                             CONSTANT      00000004              4
PWMCON                            CONSTANT      00000048             72
PWMCT                             CONSTANT      00000000              0
PWMINV                            CONSTANT      00000002              2
PWMMD                             CONSTANT      00000003              3
RAMP                              CONSTANT      00000055             85
RCTRMEN                           CONSTANT      00000002              2
RST                               CONSTANT      00000007              7
S0                                CONSTANT      00000000              0
S1                                CONSTANT      00000001              1
S2                                CONSTANT      00000002              2
S3                                CONSTANT      00000003              3
S4                                CONSTANT      00000004              4
S5                                CONSTANT      00000005              5
S6                                CONSTANT      00000006              6
S7                                CONSTANT      00000007              7
S8                                CONSTANT      00000000              0
S9                                CONSTANT      00000001              1
SCS                               CONSTANT      00000000              0
SINK_SEL                          CONSTANT      00000006              6
SLOP0                             CONSTANT      00000000              0
SLOP1                             CONSTANT      00000001              1
SLOP2                             CONSTANT      00000002              2
SSAVE                             EXTERNAL      00000000              0
STATUS                            CONSTANT      00000003              3
STK00                             EXTERNAL      00000000              0
STK01                             EXTERNAL      00000000              0
STK02                             EXTERNAL      00000000              0
STK03                             EXTERNAL      00000000              0
STK04                             EXTERNAL      00000000              0
STK05                             EXTERNAL      00000000              0
STK06                             EXTERNAL      00000000              0
STK07                             EXTERNAL      00000000              0
STK08                             EXTERNAL      00000000              0
STK09                             EXTERNAL      00000000              0
STK10                             EXTERNAL      00000000              0
STK11                             EXTERNAL      00000000              0
STK12                             EXTERNAL      00000000              0
T0                                CONSTANT      00000001              1
T0CK                              CONSTANT      00000007              7
T0CR                              CONSTANT      0000004B             75
T0CS                              CONSTANT      00000005              5
T0IE                              CONSTANT      00000000              0
T0IF                              CONSTANT      00000000              0
T0OSCEN                           CONSTANT      00000007              7
T0SE                              CONSTANT      00000004              4
T1                                CONSTANT      0000004D             77
gpasm-1.5.0 #1284 (Oct 14 2022)      temp.asm   05/15/25  15:35:48          PAGE 15


SYMBOL TABLE
  LABEL                              TYPE        VALUE         VALUE          VALUE
                                                 (hex)         (dec)          (text)

T1CK0                             CONSTANT      00000003              3
T1CK1                             CONSTANT      00000004              4
T1CON                             CONSTANT      0000004C             76
T1EN                              CONSTANT      00000007              7
T1IE                              CONSTANT      00000001              1
T1IF                              CONSTANT      00000000              0
T1LOAD                            CONSTANT      0000004E             78
T1PR0                             CONSTANT      00000000              0
T1PR1                             CONSTANT      00000001              1
T1PR2                             CONSTANT      00000002              2
TEMPEN                            CONSTANT      00000006              6
TMPE                              CONSTANT      00000004              4
TMPF                              CONSTANT      00000004              4
TO                                CONSTANT      00000004              4
TRISB                             CONSTANT      00000046             70
TRISB0                            CONSTANT      00000000              0
TRISB1                            CONSTANT      00000001              1
TRISB2                            CONSTANT      00000002              2
TRISB3                            CONSTANT      00000003              3
TRISB4                            CONSTANT      00000004              4
TRISB5                            CONSTANT      00000005              5
TRISB6                            CONSTANT      00000006              6
TRISB7                            CONSTANT      00000007              7
W                                 CONSTANT      00000000              0
WDTEN                             CONSTANT      00000007              7
WSAVE                             EXTERNAL      00000000              0
Z                                 CONSTANT      00000002              2
_00106_DS_                        ADDRESS       00000007              7
_00107_DS_                        ADDRESS       00000008              8
_00109_DS_                        ADDRESS       0000000E             14
_00114_DS_                        ADDRESS       00000010             16
_00115_DS_                        ADDRESS       00000012             18
_00118_DS_                        ADDRESS       0000001E             30
_00119_DS_                        ADDRESS       00000050             80
_00128_DS_                        ADDRESS       00000018             24
_AUXR                             EXTERNAL      00000000              0
_AUXRbits                         EXTERNAL      00000000              0
_BITS_DATA0                       EXTERNAL      00000000              0
_BITS_DATA1                       EXTERNAL      00000000              0
_CHARGE0                          EXTERNAL      00000000              0
_CHARGE0bits                      EXTERNAL      00000000              0
_CHARGE1                          EXTERNAL      00000000              0
_CHARGE1bits                      EXTERNAL      00000000              0
_CMPCR                            EXTERNAL      00000000              0
_CMPCRbits                        EXTERNAL      00000000              0
_CONFIG                           CONSTANT      00002000           8192
_CP_OFF                           CONSTANT      00003FFF          16383
_CP_ON                            CONSTANT      00003FEF          16367
_CheckSleep                       GLOBAL        00000000              0
_CheckTemp                        GLOBAL        00000000              0
_ControlFlash                     EXTERNAL      00000000              0
_ControlLevel                     EXTERNAL      00000000              0
gpasm-1.5.0 #1284 (Oct 14 2022)      temp.asm   05/15/25  15:35:48          PAGE 16


SYMBOL TABLE
  LABEL                              TYPE        VALUE         VALUE          VALUE
                                                 (hex)         (dec)          (text)

_ControlLevelHigh                 EXTERNAL      00000000              0
_ControlLevelLow                  EXTERNAL      00000000              0
_ControlSos                       EXTERNAL      00000000              0
_DelayMs                          EXTERNAL      00000000              0
_FOSC_HS                          CONSTANT      00003FFD          16381
_FOSC_INTRCIO                     CONSTANT      00003FFC          16380
_FOSC_LP                          CONSTANT      00003CFF          15615
_FOSC_XT                          CONSTANT      00003DFF          15871
_FSR                              EXTERNAL      00000000              0
_GPR                              EXTERNAL      00000000              0
_HIRCTRM                          EXTERNAL      00000000              0
_HS_OSC                           CONSTANT      00003FFD          16381
_INDF                             EXTERNAL      00000000              0
_INTECON                          EXTERNAL      00000000              0
_INTECONbits                      EXTERNAL      00000000              0
_INTFLAG                          EXTERNAL      00000000              0
_INTFLAGbits                      EXTERNAL      00000000              0
_INTOSCIO                         CONSTANT      00003FFC          16380
_INTRC_OSC_NOCLKOUT               CONSTANT      00003FFC          16380
_IOCB                             EXTERNAL      00000000              0
_IOCBbits                         EXTERNAL      00000000              0
_InitPort                         EXTERNAL      00000000              0
_InitPwm                          EXTERNAL      00000000              0
_InitRam                          EXTERNAL      00000000              0
_InitSystem                       EXTERNAL      00000000              0
_LP_OSC                           CONSTANT      00003CFF          15615
_MaxLight                         EXTERNAL      00000000              0
_ODCON                            EXTERNAL      00000000              0
_ODCONbits                        EXTERNAL      00000000              0
_OPTION                           EXTERNAL      00000000              0
_OPTIONbits                       EXTERNAL      00000000              0
_OSCCON                           EXTERNAL      00000000              0
_OSCCONbits                       EXTERNAL      00000000              0
_PCL                              EXTERNAL      00000000              0
_PCLATH                           EXTERNAL      00000000              0
_PCON                             EXTERNAL      00000000              0
_PCONbits                         EXTERNAL      00000000              0
_PDCON                            EXTERNAL      00000000              0
_PDCON1                           EXTERNAL      00000000              0
_PDCON1bits                       EXTERNAL      00000000              0
_PDCONbits                        EXTERNAL      00000000              0
_PHCON                            EXTERNAL      00000000              0
_PHCONbits                        EXTERNAL      00000000              0
_PORTB                            EXTERNAL      00000000              0
_PORTBbits                        EXTERNAL      00000000              0
_PWM0P                            EXTERNAL      00000000              0
_PWM1P                            EXTERNAL      00000000              0
_PWM2P                            EXTERNAL      00000000              0
_PWMCON                           EXTERNAL      00000000              0
_PWMCONbits                       EXTERNAL      00000000              0
_RAMP                             EXTERNAL      00000000              0
_RAMPbits                         EXTERNAL      00000000              0
gpasm-1.5.0 #1284 (Oct 14 2022)      temp.asm   05/15/25  15:35:48          PAGE 17


SYMBOL TABLE
  LABEL                              TYPE        VALUE         VALUE          VALUE
                                                 (hex)         (dec)          (text)

_STATUS                           EXTERNAL      00000000              0
_STATUSbits                       EXTERNAL      00000000              0
_SleepCount                       EXTERNAL      00000000              0
_SleepFlag                        EXTERNAL      00000000              0
_T0                               EXTERNAL      00000000              0
_T0CR                             EXTERNAL      00000000              0
_T0CRbits                         EXTERNAL      00000000              0
_T1                               EXTERNAL      00000000              0
_T1CON                            EXTERNAL      00000000              0
_T1CONbits                        EXTERNAL      00000000              0
_T1LOAD                           EXTERNAL      00000000              0
_TRISB                            EXTERNAL      00000000              0
_TRISBbits                        EXTERNAL      00000000              0
_TempCount                        EXTERNAL      00000000              0
_TempFlag                         EXTERNAL      00000000              0
_WDTE_OFF                         CONSTANT      00003FFB          16379
_WDTE_ON                          CONSTANT      00003FFF          16383
_WDT_OFF                          CONSTANT      00003FFB          16379
_WDT_ON                           CONSTANT      00003FFF          16383
_XT_OSC                           CONSTANT      00003DFF          15871
__14_BIT                          CONSTANT      00000001              1
__18P018A0                        CONSTANT      00000001              1
__ACTIVE_BANK_ADDR                VARIABLE      FFFFFFFF             -1
__ACTIVE_PAGE_ADDR                VARIABLE      FFFFFFFF             -1
__ASSUMED_BANK_ADDR               VARIABLE      00000000              0
__BANK_0                          CONSTANT      00000000              0
__BANK_BITS                       CONSTANT      00000080            128
__BANK_FIRST                      CONSTANT      00000000              0
__BANK_INV                        CONSTANT      FFFFFFFF             -1
__BANK_LAST                       CONSTANT      00000000              0
__BANK_MASK                       CONSTANT      0000007F            127
__BANK_SHIFT                      CONSTANT      00000007              7
__BANK_SIZE                       CONSTANT      00000080            128
__CODE_END                        CONSTANT      000003FF           1023
__CODE_START                      CONSTANT      00000000              0
__CONFIG_END                      CONSTANT      00002003           8195
__CONFIG_START                    CONSTANT      00002000           8192
__GPUTILS_SVN_VERSION             CONSTANT      00000504           1284
__GPUTILS_VERSION_MAJOR           CONSTANT      00000001              1
__GPUTILS_VERSION_MICRO           CONSTANT      00000000              0
__GPUTILS_VERSION_MINOR           CONSTANT      00000005              5
__IDLOCS_END                      CONSTANT      00002005           8197
__IDLOCS_START                    CONSTANT      00002004           8196
__NUM_BANKS                       CONSTANT      00000001              1
__PAGE_BITS                       CONSTANT      00001800           6144
__PAGE_INV                        CONSTANT      FFFFFFFF             -1
__PAGE_MASK                       CONSTANT      00000000              0
__PAGE_SHIFT                      CONSTANT      0000000B             11
__PAGE_SIZE                       CONSTANT      00000000              0
__VECTOR_INT                      CONSTANT      00000008              8
__VECTOR_RESET                    CONSTANT      00000000              0
__WHILE_LOOP_COUNT_MAX            CONSTANT      000000FF            255
gpasm-1.5.0 #1284 (Oct 14 2022)      temp.asm   05/15/25  15:35:48          PAGE 18


SYMBOL TABLE
  LABEL                              TYPE        VALUE         VALUE          VALUE
                                                 (hex)         (dec)          (text)

_delay_ms                         EXTERNAL      00000000              0
_g_ucTimer10msCount               EXTERNAL      00000000              0
_g_ucTimerWorkCount               EXTERNAL      00000000              0
r0x1005                           STATIC        00000000              0
r0x1006                           STATIC        00000001              1

Errors   :     0
Warnings :     0 reported,     0 suppressed
Messages :     1 reported,     0 suppressed

